<html>
<body>
<pre>
<h1>µVision Build Log</h1>
<h2>Tool Versions:</h2>
IDE-Version: µVision V5.36.0.0
Copyright (C) 2021 ARM Ltd and ARM Germany GmbH. All rights reserved.
License Information: Andrea Pignata, politecnico di torino, LIC=LB4EI-TBE4H-QRZEL-DT1FJ-14VUR-YFSX4
 
Tool Versions:
Toolchain:       MDK-ARM Cortex-M0/M0+ for ST  Version: 5.36.0.0
Toolchain Path:  C:\Keil_v5\ARM\ARMCC\Bin
C Compiler:      Armcc.exe V5.06 update 7 (build 960)
Assembler:       Armasm.exe V5.06 update 7 (build 960)
Linker/Locator:  ArmLink.exe V5.06 update 7 (build 960)
Library Manager: ArmAr.exe V5.06 update 7 (build 960)
Hex Converter:   FromElf.exe V5.06 update 7 (build 960)
CPU DLL:         SARMCM3.DLL V5.36.0.0
Dialog DLL:      DARMCM1.DLL V1.19.4.0
Target DLL:      STLink\ST-LINKIII-KEIL_SWO.dll V3.0.9.0
Dialog DLL:      TARMCM1.DLL V1.14.4.0
 
<h2>Project:</h2>
C:\tesi\thesis_pignata\C_BlueTile_Audio_FW\STSW-BLUETILE-DK 1.3.0\Project\BLE_Examples\BlueVoice_Timestamps\MDK-ARM\BlueNRG-2\BLE_SensorDemo.uvprojx
Project File Date:  08/23/2022

<h2>Output:</h2>
*** Using Compiler 'V5.06 update 7 (build 960)', folder: 'C:\Keil_v5\ARM\ARMCC\Bin'
Rebuild target 'Release'
compiling osal.c...
assembling context_switch.s...
compiling miscutil.c...
compiling clock.c...
compiling BlueNRG1_dma.c...
compiling BlueNRG1_adc.c...
compiling BlueNRG1_flash.c...
compiling BlueNRG1_gpio.c...
compiling sleep.c...
compiling BlueNRG1_i2c.c...
compiling BlueNRG1_mft.c...
compiling BlueNRG1_pka.c...
compiling BlueNRG1_rtc.c...
compiling BlueNRG1_spi.c...
compiling BlueNRG1_sysCtrl.c...
compiling misc.c...
compiling BlueNRG1_uart.c...
compiling SDK_EVAL_Button.c...
compiling BlueNRG1_wdg.c...
compiling SDK_EVAL_Com.c...
compiling SDK_EVAL_Config.c...
compiling SDK_EVAL_Led.c...
compiling SDK_EVAL_I2C.c...
compiling VL53L1X_calibration.c...
compiling LIS2MDL.c...
compiling VL53L1X_api.c...
compiling HTS221.c...
compiling stack_user_cfg.c...
compiling LPS22HH.c...
compiling vl53l1_platform.c...
compiling system_bluenrg1.c...
compiling BlueNRG1_it.c...
compiling SensorDemo_main.c...
compiling hw_config.c...
compiling gatt_db.c...
compiling HWAdvanceFeatures.c...
compiling timestamp_helper.c...
compiling sensor.c...
compiling LSM6DSO.c...
compiling bluevoice_adpcm_bnrg1.c...
linking...
Program Size: Code=102108 RO-data=1296 RW-data=1124 ZI-data=21684  
FromELF: creating hex file...
After Build - User command #1: fromelf.exe --bin Release\Objects\BLE_SensorDemo.axf --output Release\Objects\BLE_SensorDemo.bin
".\Release\Objects\BLE_SensorDemo.axf" - 0 Error(s), 0 Warning(s).

<h2>Software Packages used:</h2>

Package Vendor: Keil
                http://www.keil.com/pack/Keil.STBlueNRG-2_DFP.1.0.1.pack
                Keil.STBlueNRG-2_DFP.1.0.1
                STMicroelectronics BlueNRG-2 Series Device Support

<h2>Collection of Component include folders:</h2>

<h2>Collection of Component Files used:</h2>
Build Time Elapsed:  00:00:06
</pre>
</body>
</html>
