<!doctype html public "-//w3c//dtd html 4.0 transitional//en">
<html><head>
<title>Static Call Graph - [.\Release\Objects\BLE_SensorDemo.axf]</title></head>
<body><HR>
<H1>Static Call Graph for image .\Release\Objects\BLE_SensorDemo.axf</H1><HR>
<BR><P>#&#060CALLGRAPH&#062# ARM Linker, 5060960: Last Updated: Tue Aug 23 13:20:44 2022
<BR><P>
<H3>Maximum Stack Usage =       1252 bytes + Unknown(Functions without stacksize, Cycles, Untraceable Function Pointers)</H3><H3>
Call chain for Maximum Stack Depth:</H3>
RESET_HANDLER &rArr; main &rArr; User_AppTick &rArr; MotionFX_CM0P_MagCal_run &rArr; run_mc &rArr; calibrate &rArr; solve_linear_system &rArr; __aeabi_frsub &rArr; __aeabi_fadd &rArr; _float_epilogue
<P>
<H3>
Functions with no stack information
</H3><UL>
 <LI><a href="#[c6]">ATT_fill_error_resp</a>
 <LI><a href="#[d1]">Accu_Handles_Requiring_Auth</a>
 <LI><a href="#[d2]">Accu_UuidTypes_Requiring_Auth</a>
 <LI><a href="#[11c]">Acl_Init</a>
 <LI><a href="#[d4]">Acl_Rcv_Pkt_Handler</a>
 <LI><a href="#[d7]">Acl_Transmit_Data</a>
 <LI><a href="#[dd]">Acl_Tx_Cmpl_Pkt_Handler</a>
 <LI><a href="#[e8]">Att_Check_Perms</a>
 <LI><a href="#[ff]">BTLE_StackTick</a>
 <LI><a href="#[114]">BlueNRG_Stack_Initialization</a>
 <LI><a href="#[112]">BlueNRG_Stack_Perform_Deep_Sleep_Check</a>
 <LI><a href="#[12b]">Blue_Init_Global</a>
 <LI><a href="#[12c]">Blue_Set_Radio_Config_Data</a>
 <LI><a href="#[134]">Build_Notif_Or_Ind</a>
 <LI><a href="#[135]">CheckSecForSignedWrite</a>
 <LI><a href="#[1a6]">Check_Encry_Key_Size</a>
 <LI><a href="#[136]">Check_For_Service_Change</a>
 <LI><a href="#[ea]">Check_Permission</a>
 <LI><a href="#[102]">Controller_Process_Q</a>
 <LI><a href="#[140]">Data_Len_Update_Offline_Processing_ucfg</a>
 <LI><a href="#[37c]">Data_Length_Update_Control_ISR_ucfg</a>
 <LI><a href="#[392]">Delay_With_NOP_Cycles</a>
 <LI><a href="#[141]">Disconnection_Offline_Processing</a>
 <LI><a href="#[124]">Dynamic_allocator</a>
 <LI><a href="#[125]">Dynamic_allocator_noRet</a>
 <LI><a href="#[103]">Events_Process_Q</a>
 <LI><a href="#[122]">Events_Process_init</a>
 <LI><a href="#[15c]">Exchg_Mtu_Resp</a>
 <LI><a href="#[15d]">Exec_Write_Resp</a>
 <LI><a href="#[13a]">Find_Attr_Index</a>
 <LI><a href="#[165]">Find_By_Type_Val_Resp</a>
 <LI><a href="#[139]">Find_Gatt_Client</a>
 <LI><a href="#[168]">Find_Info_Resp</a>
 <LI><a href="#[198]">Find_Timed_Out_Connection</a>
 <LI><a href="#[169]">Flash_Write_Flagged</a>
 <LI><a href="#[16b]">GAP_Connection_Complete_Handler</a>
 <LI><a href="#[16d]">GAP_Delete_ADType</a>
 <LI><a href="#[2d2]">GAP_DiscProcTimeoutcb_ucfg</a>
 <LI><a href="#[170]">GAP_Init</a>
 <LI><a href="#[11f]">GAP_Init_Context</a>
 <LI><a href="#[178]">GAP_LL_Event_Handler_ISR</a>
 <LI><a href="#[17a]">GAP_LimDiscTimeoutcb</a>
 <LI><a href="#[17d]">GAP_Notify_Add_Charac</a>
 <LI><a href="#[180]">GAP_Privacy1v2</a>
 <LI><a href="#[188]">GAP_PrivateAddrTimercb</a>
 <LI><a href="#[106]">GAP_Process_Q</a>
 <LI><a href="#[18c]">GAP_Set_Discoverable_Mode</a>
 <LI><a href="#[18e]">GAP_Set_Non_Discoverable_Mode</a>
 <LI><a href="#[18f]">GAP_Update_Adv_Data</a>
 <LI><a href="#[173]">GAP_check_and_set_role_ucfg</a>
 <LI><a href="#[18b]">GAP_discover_peer_name_ucfg</a>
 <LI><a href="#[174]">GAP_enable_controller_privacy_ucfg</a>
 <LI><a href="#[190]">GATT_Connection_Complete_Handler</a>
 <LI><a href="#[17e]">GATT_Num_Charac_Present</a>
 <LI><a href="#[194]">GATT_Send_Packet</a>
 <LI><a href="#[197]">GATT_TimeOut_Handler</a>
 <LI><a href="#[398]">GapIsPrivacySupported</a>
 <LI><a href="#[1a1]">Gatt_Add_Charac_Desc</a>
 <LI><a href="#[176]">Gatt_Add_Characteristic</a>
 <LI><a href="#[1a5]">Gatt_Add_Descriptor</a>
 <LI><a href="#[175]">Gatt_Add_Service</a>
 <LI><a href="#[1a9]">Gatt_Appl_Auth_For_Read</a>
 <LI><a href="#[271]">Gatt_Find_Srv_From_Handle</a>
 <LI><a href="#[cb]">Gatt_Find_Srv_Owner_Of_Handle</a>
 <LI><a href="#[1b9]">Gatt_Find_Timed_Out_Connection_Index</a>
 <LI><a href="#[107]">Gatt_Process_Q</a>
 <LI><a href="#[1a2]">Gatt_Server_Db_Check</a>
 <LI><a href="#[1bb]">Gatt_Server_Init</a>
 <LI><a href="#[1bd]">Gatt_Server_L2C_Handler</a>
 <LI><a href="#[1c2]">Gatt_Server_L2C_Handler_ISR</a>
 <LI><a href="#[177]">Gatt_Update_Charac_Value</a>
 <LI><a href="#[1c5]">Gatt_Update_Charac_Value_Ext</a>
 <LI><a href="#[138]">Gatt_fetch_handle</a>
 <LI><a href="#[cc]">Gatt_search_handle</a>
 <LI><a href="#[193]">Gatt_search_service_handle</a>
 <LI><a href="#[184]">Generate_Non_Resolvable_Private_Address</a>
 <LI><a href="#[192]">Get_GAP_Handle</a>
 <LI><a href="#[172]">Get_StaticRandAddr</a>
 <LI><a href="#[1cc]">HAL_Flash_Store_Data</a>
 <LI><a href="#[1cd]">HAL_Generate_Random_Bytes_To</a>
 <LI><a href="#[1ce]">HAL_Read_ConfigData</a>
 <LI><a href="#[2fb]">HAL_Set_TX_Power_Level</a>
 <LI><a href="#[1d2]">HAL_VTimerAcc_sysT32_ms</a>
 <LI><a href="#[367]">HAL_VTimerDiff_ms_sysT32</a>
 <LI><a href="#[1cf]">HAL_VTimerGetCurrentTime_sysT32</a>
 <LI><a href="#[1d1]">HAL_VTimerStart_ms</a>
 <LI><a href="#[1d3]">HAL_VTimerStart_sysT32</a>
 <LI><a href="#[1d9]">HAL_VTimer_Stop</a>
 <LI><a href="#[120]">HCI_Init</a>
 <LI><a href="#[1c7]">Hal_Get_Random_Number</a>
 <LI><a href="#[1ea]">Hal_Get_Random_Number32</a>
 <LI><a href="#[171]">IDD_Initialize_Device_IDs</a>
 <LI><a href="#[13b]">Ind_Service_Change_Charac</a>
 <LI><a href="#[22c]">Is_Address_Initialized</a>
 <LI><a href="#[26b]">Is_Flash_Write_On_Going</a>
 <LI><a href="#[210]">L2C_Build_Command_Reject_Pdu</a>
 <LI><a href="#[212]">L2C_Build_Connect_Update_Req</a>
 <LI><a href="#[213]">L2C_Connection_Complete_Handler</a>
 <LI><a href="#[217]">L2C_Connection_Complete_Signal_Handler</a>
 <LI><a href="#[21f]">L2C_Get_PDU_Len</a>
 <LI><a href="#[11d]">L2C_Init</a>
 <LI><a href="#[221]">L2C_Rcv_Event_Handler</a>
 <LI><a href="#[222]">L2C_Rcv_Event_Handler_ISR</a>
 <LI><a href="#[195]">L2C_Send_Data</a>
 <LI><a href="#[228]">L2C_SigChan_Req_TimeOut_Handler</a>
 <LI><a href="#[219]">L2C_Signal_Channel_Handler</a>
 <LI><a href="#[216]">L2C_Signal_Channel_Handler_ISR</a>
 <LI><a href="#[181]">LL_Allow_Address_Setting</a>
 <LI><a href="#[22b]">LL_Check_And_Set_Addresses</a>
 <LI><a href="#[384]">LL_Data_Length_Change_Event_ucfg</a>
 <LI><a href="#[17b]">LL_Enable_Disable_Adv</a>
 <LI><a href="#[237]">LL_Encrypt_Plain_Data_ucfg</a>
 <LI><a href="#[22a]">LL_Get_Address</a>
 <LI><a href="#[182]">LL_Get_AdvAddress</a>
 <LI><a href="#[16e]">LL_Get_Adv_Data</a>
 <LI><a href="#[23a]">LL_Get_Adv_Tx_Power_Level</a>
 <LI><a href="#[183]">LL_Get_ScanAddress</a>
 <LI><a href="#[11a]">LL_Init</a>
 <LI><a href="#[23c]">LL_LE_Clear_White_List</a>
 <LI><a href="#[d8]">LL_Send_ACL_Data</a>
 <LI><a href="#[14f]">LL_Send_Disconnection_Req</a>
 <LI><a href="#[385]">LL_Send_Length_Resp_ucfg</a>
 <LI><a href="#[16f]">LL_Set_Adv_Data</a>
 <LI><a href="#[234]">LL_Set_Adv_PDU_Format</a>
 <LI><a href="#[23e]">LL_Set_Adv_Params</a>
 <LI><a href="#[233]">LL_Set_Advertising_Buffers</a>
 <LI><a href="#[240]">LL_Set_LTK</a>
 <LI><a href="#[230]">LL_Set_OwnAddress</a>
 <LI><a href="#[373]">LL_Set_Scan_Resp_Data</a>
 <LI><a href="#[32b]">LL_Sleep_Req</a>
 <LI><a href="#[241]">LL_Update_Advertising_Buffers</a>
 <LI><a href="#[242]">LL_Update_Scanning_Initiating_Buffers</a>
 <LI><a href="#[243]">LL_receive_data</a>
 <LI><a href="#[330]">LL_update_proc</a>
 <LI><a href="#[1a3]">List_Circular_Get_Size</a>
 <LI><a href="#[1a8]">List_Circular_Insert_Tail</a>
 <LI><a href="#[246]">List_Circular_Node_Present</a>
 <LI><a href="#[2d5]">List_Circular_Remove_Head</a>
 <LI><a href="#[1a7]">List_Circular_Remove_Node</a>
 <LI><a href="#[21d]">Mem_Buff_Append</a>
 <LI><a href="#[248]">Mem_Buff_Block_Copy</a>
 <LI><a href="#[24a]">Mem_Buff_Block_Write</a>
 <LI><a href="#[24b]">Mem_Buff_Clone</a>
 <LI><a href="#[24c]">Mem_Buff_Cmp</a>
 <LI><a href="#[24d]">Mem_Buff_Compact</a>
 <LI><a href="#[256]">Mem_Buff_Get</a>
 <LI><a href="#[253]">Mem_Buff_Get_Chain_Count</a>
 <LI><a href="#[25b]">Mem_Buff_Get_Chain_Size</a>
 <LI><a href="#[258]">Mem_Buff_Init</a>
 <LI><a href="#[24e]">Mem_Buff_Read</a>
 <LI><a href="#[259]">Mem_Buff_Release</a>
 <LI><a href="#[25c]">Mem_Buff_Resize</a>
 <LI><a href="#[24f]">Mem_Buff_Write</a>
 <LI><a href="#[13f]">PKA_Offline_Processing_ucfg</a>
 <LI><a href="#[252]">PM_Clone_Pckt</a>
 <LI><a href="#[21e]">PM_Compact</a>
 <LI><a href="#[160]">PM_Copy_Pckt_Data</a>
 <LI><a href="#[257]">PM_Eng_Config</a>
 <LI><a href="#[21c]">PM_Extract_Pdu_MBuff</a>
 <LI><a href="#[1b8]">PM_Get_Available_Buffer</a>
 <LI><a href="#[254]">PM_Get_Mem_Buff_Count</a>
 <LI><a href="#[1ab]">PM_Get_Pckt</a>
 <LI><a href="#[11b]">PM_Init</a>
 <LI><a href="#[167]">PM_Pckt_Cmp</a>
 <LI><a href="#[162]">PM_Release_Acl_Pckt</a>
 <LI><a href="#[25a]">PM_Resize_Pckt_Pdu_Size</a>
 <LI><a href="#[c9]">PM_Write_Pckt_Data</a>
 <LI><a href="#[22d]">PRIVWHIT_u8SearchAddrInList</a>
 <LI><a href="#[25d]">PRIVWHIT_vInit_Struct</a>
 <LI><a href="#[379]">PRIV_SearchAddrInWhiteList</a>
 <LI><a href="#[2f8]">PRIV_controller_privacy_csr_ucfg</a>
 <LI><a href="#[378]">PRIV_u32ProcessAdvPacket_ucfg</a>
 <LI><a href="#[13e]">PRIV_u8OfflineProcessing_ucfg</a>
 <LI><a href="#[22e]">PRIV_vGeneratePrivateAddress_ucfg</a>
 <LI><a href="#[381]">PRIV_vGenerate_hci_le_enhanced_connection_complete_event_ucfg</a>
 <LI><a href="#[262]">Prepare_Write_Resp</a>
 <LI><a href="#[1b5]">Process_Peer_Client_Data</a>
 <LI><a href="#[1b4]">Process_Peer_Server_Data</a>
 <LI><a href="#[12a]">RAL_Isr</a>
 <LI><a href="#[1ad]">Read_Blob_Resp</a>
 <LI><a href="#[264]">Read_By_Grp_Type_Resp</a>
 <LI><a href="#[1af]">Read_By_Type_Resp</a>
 <LI><a href="#[1ae]">Read_Multi_Resp</a>
 <LI><a href="#[1ac]">Read_Resp</a>
 <LI><a href="#[383]">Reclassify_All_Channels_ucfg</a>
 <LI><a href="#[277]">SDB_Add_Record</a>
 <LI><a href="#[27d]">SDB_Find_Matching_LTK</a>
 <LI><a href="#[281]">SDB_Find_Record</a>
 <LI><a href="#[17f]">SDB_Get_Number_Of_Valid_Records</a>
 <LI><a href="#[1c4]">SDB_flash_write_client_data</a>
 <LI><a href="#[27f]">SDB_get_security_data_record</a>
 <LI><a href="#[137]">SDB_read_peer_bonded_data</a>
 <LI><a href="#[280]">SMA_Diversify</a>
 <LI><a href="#[286]">SMA_Generate_CSRK</a>
 <LI><a href="#[287]">SMA_Generate_IRK</a>
 <LI><a href="#[288]">SMA_LP_s1_Generate_STK</a>
 <LI><a href="#[27e]">SMA_generate_EDIV_recovery_DIV</a>
 <LI><a href="#[11e]">SMP_Init</a>
 <LI><a href="#[108]">SMP_Process_Q</a>
 <LI><a href="#[294]">SMP_Protocol_Timer_cb</a>
 <LI><a href="#[297]">SMP_aci_passkey_response</a>
 <LI><a href="#[21a]">SMP_acl_data_hndl</a>
 <LI><a href="#[13d]">SMP_check_encryption_key_size</a>
 <LI><a href="#[1b3]">SMP_check_is_device_bonded</a>
 <LI><a href="#[1b2]">SMP_forget_device_by_conn_handle</a>
 <LI><a href="#[13c]">SMP_get_link_status</a>
 <LI><a href="#[e9]">SMP_get_remote_device_list_item</a>
 <LI><a href="#[223]">SMP_hci_disconnection_complete_evt_hndl</a>
 <LI><a href="#[225]">SMP_hci_encryption_change_evt_hndl</a>
 <LI><a href="#[214]">SMP_hci_le_connection_complete_evt_hndl</a>
 <LI><a href="#[215]">SMP_hci_le_enhanced_connection_complete_evt_hndl</a>
 <LI><a href="#[224]">SMP_hci_le_long_term_key_request_evt_hndl</a>
 <LI><a href="#[29b]">SMP_repeated_attacks_timer_cb</a>
 <LI><a href="#[28e]">SMP_reset_timer</a>
 <LI><a href="#[29c]">SMP_set_authentication_req</a>
 <LI><a href="#[29e]">SMP_validate_signed_packet</a>
 <LI><a href="#[185]">SM_Generate_Resolvable_Private_Address</a>
 <LI><a href="#[282]">SM_Resolve_Private_Address</a>
 <LI><a href="#[2b8]">Select_Next_Notification_Client</a>
 <LI><a href="#[1c1]">Send_Notif_Or_Ind</a>
 <LI><a href="#[129]">Set_Host_Timer_value</a>
 <LI><a href="#[1c0]">Start_Gatt_Timer</a>
 <LI><a href="#[1be]">Stop_Gatt_Timer</a>
 <LI><a href="#[26a]">Timer_ExpiryCallback</a>
 <LI><a href="#[119]">Timer_Init</a>
 <LI><a href="#[100]">Timer_ProcessQ</a>
 <LI><a href="#[187]">Timer_StartOneShot</a>
 <LI><a href="#[1d4]">Timer_StartOneShot_sysTime32</a>
 <LI><a href="#[186]">Timer_StopOneShot</a>
 <LI><a href="#[1d0]">Timer_sysTime32_convMachineTime</a>
 <LI><a href="#[320]">WindowWiden1</a>
 <LI><a href="#[324]">WindowWiden2</a>
 <LI><a href="#[266]">Write_Cmd</a>
 <LI><a href="#[265]">Write_Resp</a>
 <LI><a href="#[116]">_BlueNRG_Stack_Initialization</a>
 <LI><a href="#[37a]">__ARM_common_memcpy1_6</a>
 <LI><a href="#[18d]">_gap_set_discoverable_connectable</a>
 <LI><a href="#[331]">aci_att_exchange_mtu_resp_event</a>
 <LI><a href="#[332]">aci_att_exec_write_resp_event</a>
 <LI><a href="#[333]">aci_att_find_by_type_value_resp_event</a>
 <LI><a href="#[334]">aci_att_find_info_resp_event</a>
 <LI><a href="#[335]">aci_att_prepare_write_resp_event</a>
 <LI><a href="#[336]">aci_att_read_blob_resp_event</a>
 <LI><a href="#[337]">aci_att_read_by_group_type_resp_event</a>
 <LI><a href="#[338]">aci_att_read_by_type_resp_event</a>
 <LI><a href="#[339]">aci_att_read_multiple_resp_event</a>
 <LI><a href="#[33a]">aci_att_read_resp_event</a>
 <LI><a href="#[33b]">aci_att_write_resp_event</a>
 <LI><a href="#[d6]">aci_event_fifo_push</a>
 <LI><a href="#[d5]">aci_event_fifo_push_header</a>
 <LI><a href="#[33c]">aci_gap_addr_not_resolved_event</a>
 <LI><a href="#[33d]">aci_gap_authorization_req_event</a>
 <LI><a href="#[33e]">aci_gap_bond_lost_event</a>
 <LI><a href="#[33f]">aci_gap_device_found_event</a>
 <LI><a href="#[2bc]">aci_gap_init</a>
 <LI><a href="#[340]">aci_gap_keypress_notification_event</a>
 <LI><a href="#[341]">aci_gap_limited_discoverable_event</a>
 <LI><a href="#[342]">aci_gap_numeric_comparison_value_event</a>
 <LI><a href="#[310]">aci_gap_pass_key_resp</a>
 <LI><a href="#[344]">aci_gap_proc_complete_event</a>
 <LI><a href="#[2bd]">aci_gap_set_authentication_requirement</a>
 <LI><a href="#[2cc]">aci_gap_set_discoverable</a>
 <LI><a href="#[1d7]">aci_gap_set_non_discoverable</a>
 <LI><a href="#[345]">aci_gap_slave_security_initiated_event</a>
 <LI><a href="#[2cd]">aci_gap_update_adv_data</a>
 <LI><a href="#[e0]">aci_gatt_add_char</a>
 <LI><a href="#[df]">aci_gatt_add_service</a>
 <LI><a href="#[275]">aci_gatt_allow_read</a>
 <LI><a href="#[346]">aci_gatt_disc_read_char_by_uuid_resp_event</a>
 <LI><a href="#[347]">aci_gatt_error_resp_event</a>
 <LI><a href="#[348]">aci_gatt_indication_event</a>
 <LI><a href="#[2bb]">aci_gatt_init</a>
 <LI><a href="#[349]">aci_gatt_notification_event</a>
 <LI><a href="#[34a]">aci_gatt_prepare_write_permit_req_event</a>
 <LI><a href="#[34b]">aci_gatt_proc_complete_event</a>
 <LI><a href="#[34c]">aci_gatt_proc_timeout_event</a>
 <LI><a href="#[34d]">aci_gatt_read_multi_permit_req_event</a>
 <LI><a href="#[34e]">aci_gatt_server_confirmation_event</a>
 <LI><a href="#[cf]">aci_gatt_update_char_value</a>
 <LI><a href="#[350]">aci_gatt_write_permit_req_event</a>
 <LI><a href="#[351]">aci_hal_fw_error_event</a>
 <LI><a href="#[2c8]">aci_hal_read_config_data</a>
 <LI><a href="#[352]">aci_hal_scan_req_report_event</a>
 <LI><a href="#[2ba]">aci_hal_set_tx_power_level</a>
 <LI><a href="#[353]">aci_l2cap_command_reject_event</a>
 <LI><a href="#[314]">aci_l2cap_connection_parameter_update_req</a>
 <LI><a href="#[354]">aci_l2cap_connection_update_req_event</a>
 <LI><a href="#[355]">aci_l2cap_connection_update_resp_event</a>
 <LI><a href="#[356]">aci_l2cap_proc_timeout_event</a>
 <LI><a href="#[15e]">acl_list_first</a>
 <LI><a href="#[263]">acl_list_full_on_packt</a>
 <LI><a href="#[1bc]">acl_list_init</a>
 <LI><a href="#[1b7]">acl_list_insert_head</a>
 <LI><a href="#[196]">acl_list_insert_tail</a>
 <LI><a href="#[1aa]">acl_list_is_empty</a>
 <LI><a href="#[15f]">acl_list_remove</a>
 <LI><a href="#[1b6]">acl_list_remove_head</a>
 <LI><a href="#[308]">advParamsCheckAndSet</a>
 <LI><a href="#[31e]">advance_slave_timing_MultiSlave</a>
 <LI><a href="#[105]">advance_transmit</a>
 <LI><a href="#[dc]">advance_wakeup_timer</a>
 <LI><a href="#[121]">ble_HAL_Init</a>
 <LI><a href="#[32f]">cancel_connect_master_ucfg</a>
 <LI><a href="#[32d]">cancel_current_master</a>
 <LI><a href="#[32a]">cancel_master</a>
 <LI><a href="#[327]">cancel_slave</a>
 <LI><a href="#[42]">cb_aci_att_exchange_mtu_resp_event</a>
 <LI><a href="#[4c]">cb_aci_att_exec_write_resp_event</a>
 <LI><a href="#[44]">cb_aci_att_find_by_type_value_resp_event</a>
 <LI><a href="#[43]">cb_aci_att_find_info_resp_event</a>
 <LI><a href="#[4b]">cb_aci_att_prepare_write_resp_event</a>
 <LI><a href="#[47]">cb_aci_att_read_blob_resp_event</a>
 <LI><a href="#[49]">cb_aci_att_read_by_group_type_resp_event</a>
 <LI><a href="#[45]">cb_aci_att_read_by_type_resp_event</a>
 <LI><a href="#[48]">cb_aci_att_read_multiple_resp_event</a>
 <LI><a href="#[46]">cb_aci_att_read_resp_event</a>
 <LI><a href="#[4a]">cb_aci_att_write_resp_event</a>
 <LI><a href="#[38]">cb_aci_gap_addr_not_resolved_event</a>
 <LI><a href="#[33]">cb_aci_gap_authorization_req_event</a>
 <LI><a href="#[35]">cb_aci_gap_bond_lost_event</a>
 <LI><a href="#[36]">cb_aci_gap_device_found_event</a>
 <LI><a href="#[3a]">cb_aci_gap_keypress_notification_event</a>
 <LI><a href="#[30]">cb_aci_gap_limited_discoverable_event</a>
 <LI><a href="#[39]">cb_aci_gap_numeric_comparison_value_event</a>
 <LI><a href="#[31]">cb_aci_gap_pairing_complete_event</a>
 <LI><a href="#[32]">cb_aci_gap_pass_key_req_event</a>
 <LI><a href="#[37]">cb_aci_gap_proc_complete_event</a>
 <LI><a href="#[34]">cb_aci_gap_slave_security_initiated_event</a>
 <LI><a href="#[40]">cb_aci_gatt_attribute_modified_event</a>
 <LI><a href="#[51]">cb_aci_gatt_disc_read_char_by_uuid_resp_event</a>
 <LI><a href="#[50]">cb_aci_gatt_error_resp_event</a>
 <LI><a href="#[4d]">cb_aci_gatt_indication_event</a>
 <LI><a href="#[4e]">cb_aci_gatt_notification_event</a>
 <LI><a href="#[53]">cb_aci_gatt_prepare_write_permit_req_event</a>
 <LI><a href="#[4f]">cb_aci_gatt_proc_complete_event</a>
 <LI><a href="#[41]">cb_aci_gatt_proc_timeout_event</a>
 <LI><a href="#[55]">cb_aci_gatt_read_multi_permit_req_event</a>
 <LI><a href="#[54]">cb_aci_gatt_read_permit_req_event</a>
 <LI><a href="#[57]">cb_aci_gatt_server_confirmation_event</a>
 <LI><a href="#[56]">cb_aci_gatt_tx_pool_available_event</a>
 <LI><a href="#[52]">cb_aci_gatt_write_permit_req_event</a>
 <LI><a href="#[3f]">cb_aci_hal_fw_error_event</a>
 <LI><a href="#[2d]">cb_aci_hal_scan_req_report_event</a>
 <LI><a href="#[3e]">cb_aci_l2cap_command_reject_event</a>
 <LI><a href="#[3d]">cb_aci_l2cap_connection_update_req_event</a>
 <LI><a href="#[3b]">cb_aci_l2cap_connection_update_resp_event</a>
 <LI><a href="#[3c]">cb_aci_l2cap_proc_timeout_event</a>
 <LI><a href="#[29]">cb_hci_data_buffer_overflow_event</a>
 <LI><a href="#[1e]">cb_hci_disconnection_complete_event</a>
 <LI><a href="#[1f]">cb_hci_encryption_change_event</a>
 <LI><a href="#[20]">cb_hci_encryption_key_refresh_complete_event</a>
 <LI><a href="#[23]">cb_hci_le_advertising_report_event</a>
 <LI><a href="#[21]">cb_hci_le_connection_complete_event</a>
 <LI><a href="#[2b]">cb_hci_le_connection_update_complete_event</a>
 <LI><a href="#[24]">cb_hci_le_data_length_change_event</a>
 <LI><a href="#[28]">cb_hci_le_direct_advertising_report_event</a>
 <LI><a href="#[27]">cb_hci_le_enhanced_connection_complete_event</a>
 <LI><a href="#[26]">cb_hci_le_generate_dhkey_complete_event</a>
 <LI><a href="#[22]">cb_hci_le_long_term_key_request_event</a>
 <LI><a href="#[25]">cb_hci_le_read_local_p256_public_key_complete_event</a>
 <LI><a href="#[2c]">cb_hci_le_read_remote_used_features_complete_event</a>
 <LI><a href="#[2e]">cb_hci_number_of_completed_packets_event</a>
 <LI><a href="#[2a]">cb_hci_read_remote_version_information_complete_event</a>
 <LI><a href="#[2f]">cb_hci_rx_acl_data_event</a>
 <LI><a href="#[12d]">char_copy</a>
 <LI><a href="#[387]">copy_4_u32</a>
 <LI><a href="#[328]">copy_tx_data_packet</a>
 <LI><a href="#[123]">data_length_extension_csr_ucfg</a>
 <LI><a href="#[238]">encrypt</a>
 <LI><a href="#[307]">gapClearAllModeFlags</a>
 <LI><a href="#[368]">get_adv_addr</a>
 <LI><a href="#[189]">get_advertiser</a>
 <LI><a href="#[d9]">get_connection_no</a>
 <LI><a href="#[232]">get_next_free_slot</a>
 <LI><a href="#[369]">get_scan_addr</a>
 <LI><a href="#[18a]">get_scan_connection</a>
 <LI><a href="#[36a]">go_to_connect</a>
 <LI><a href="#[158]">hal_radio_activity_state_callback_check</a>
 <LI><a href="#[159]">hal_radio_activity_state_init</a>
 <LI><a href="#[36c]">hal_read_radio_activity_state</a>
 <LI><a href="#[101]">hci_acl_Process_Q</a>
 <LI><a href="#[358]">hci_encryption_change_event</a>
 <LI><a href="#[359]">hci_encryption_key_refresh_complete_event</a>
 <LI><a href="#[157]">hci_hardware_error_event</a>
 <LI><a href="#[35a]">hci_le_advertising_report_event</a>
 <LI><a href="#[35c]">hci_le_connection_update_complete_event</a>
 <LI><a href="#[35d]">hci_le_data_length_change_event</a>
 <LI><a href="#[35e]">hci_le_direct_advertising_report_event</a>
 <LI><a href="#[285]">hci_le_encrypt</a>
 <LI><a href="#[35f]">hci_le_enhanced_connection_complete_event</a>
 <LI><a href="#[360]">hci_le_generate_dhkey_complete_event</a>
 <LI><a href="#[361]">hci_le_long_term_key_request_event</a>
 <LI><a href="#[28f]">hci_le_long_term_key_request_reply</a>
 <LI><a href="#[28c]">hci_le_long_term_key_requested_negative_reply</a>
 <LI><a href="#[362]">hci_le_read_local_p256_public_key_complete_event</a>
 <LI><a href="#[363]">hci_le_read_remote_used_features_complete_event</a>
 <LI><a href="#[2cb]">hci_le_set_scan_response_data</a>
 <LI><a href="#[364]">hci_number_of_completed_packets_event</a>
 <LI><a href="#[365]">hci_read_remote_version_information_complete_event</a>
 <LI><a href="#[374]">hci_rx_acl_data</a>
 <LI><a href="#[366]">hci_rx_acl_data_event</a>
 <LI><a href="#[375]">hci_tx_acl_data_done</a>
 <LI><a href="#[59]">int_cb_hci_acl_data_ind_event</a>
 <LI><a href="#[58]">int_cb_hci_acl_data_tx_cmpl_event</a>
 <LI><a href="#[5a]">int_cb_hci_disconnection_complete_event</a>
 <LI><a href="#[5b]">int_cb_hci_encryption_change_event</a>
 <LI><a href="#[5c]">int_cb_hci_encryption_key_refresh_complete_event</a>
 <LI><a href="#[5f]">int_cb_hci_le_advertising_report_event</a>
 <LI><a href="#[5d]">int_cb_hci_le_connection_complete_event</a>
 <LI><a href="#[60]">int_cb_hci_le_data_length_change_event</a>
 <LI><a href="#[64]">int_cb_hci_le_direct_advertising_report_event</a>
 <LI><a href="#[63]">int_cb_hci_le_enhanced_connection_complete_event</a>
 <LI><a href="#[62]">int_cb_hci_le_generate_dhkey_complete_event</a>
 <LI><a href="#[5e]">int_cb_hci_le_long_term_key_request_event</a>
 <LI><a href="#[61]">int_cb_hci_le_read_local_p256_public_key_complete_event</a>
 <LI><a href="#[1ec]">is_Buffer_All_Set_To</a>
 <LI><a href="#[da]">is_slave</a>
 <LI><a href="#[244]">isr_Acl_Data_Indication_Queue_Full</a>
 <LI><a href="#[37f]">isr_Acl_Data_TX_Cmpl_Queue_Full</a>
 <LI><a href="#[26d]">isr_event_handler</a>
 <LI><a href="#[382]">isr_event_handler_scan_data_ucfg</a>
 <LI><a href="#[26e]">isr_postproc</a>
 <LI><a href="#[380]">isr_postproc1</a>
 <LI><a href="#[37b]">isr_postproc_encrypt_data</a>
 <LI><a href="#[128]">machine_time_trans</a>
 <LI><a href="#[2f6]">mem_alloc_ctx_init</a>
 <LI><a href="#[329]">microseconds_to_machine_time</a>
 <LI><a href="#[322]">modulo_37</a>
 <LI><a href="#[23d]">nsar_init</a>
 <LI><a href="#[26c]">read_rssi</a>
 <LI><a href="#[235]">schedule_advertise_slot</a>
 <LI><a href="#[2f9]">secure_connections_csr_ucfg</a>
 <LI><a href="#[309]">setGapAdvData</a>
 <LI><a href="#[127]">set_freq</a>
 <LI><a href="#[31f]">set_sca</a>
 <LI><a href="#[326]">set_string</a>
 <LI><a href="#[db]">slave_advance</a>
 <LI><a href="#[2a0]">sma_CMAC_generate_tag</a>
 <LI><a href="#[396]">smp_Execute_Actions_wrt_Current_State_MI_excerpt_ucfg</a>
 <LI><a href="#[397]">smp_Execute_Actions_wrt_Current_State_sc_excerpt_phase2as2_ucfg</a>
 <LI><a href="#[39b]">smp_Execute_Actions_wrt_Current_State_sc_excerpt_phase_1_to_2_ucfg</a>
 <LI><a href="#[39e]">smp_MI_Start_Encryption_ucfg</a>
 <LI><a href="#[293]">smp_Process_Rx_Packet_Exception_Cases_sc_excerpt_ucfg</a>
 <LI><a href="#[3a9]">smp_Process_Rx_Packet_wrt_Current_State_MI_excerpt_ucfg</a>
 <LI><a href="#[3a3]">smp_Process_Rx_Packet_wrt_Current_State_sc_excerpt_ucfg</a>
 <LI><a href="#[3ad]">smp_add_pairing_record_to_bonding_database</a>
 <LI><a href="#[28d]">smp_find_remote_device_index</a>
 <LI><a href="#[29f]">smp_get_CSRK</a>
 <LI><a href="#[39f]">smp_get_local_identity_address</a>
 <LI><a href="#[29d]">smp_is_any_pairing_ongoing</a>
 <LI><a href="#[39d]">smp_keys_distribution_start</a>
 <LI><a href="#[3a4]">smp_keys_receiving</a>
 <LI><a href="#[3b1]">smp_oob_check_is_remote_data_present</a>
 <LI><a href="#[3b4]">smp_pairing_2octets_packet_send</a>
 <LI><a href="#[39a]">smp_pairing_completed</a>
 <LI><a href="#[292]">smp_pairing_failed_receive</a>
 <LI><a href="#[3a8]">smp_pairing_failed_send</a>
 <LI><a href="#[3b6]">smp_repeated_attacks_protection</a>
 <LI><a href="#[3ab]">smp_sc_SR_PairingConfirm_Receive_sc_excerpt_ucfg</a>
 <LI><a href="#[3ac]">smp_sc_SR_PairingRandom_Receive_sc_excerpt_ucfg</a>
 <LI><a href="#[39c]">smp_sc_SR_Pairing_Phase_2AS1_Start_sc_excerpt_ucfg</a>
 <LI><a href="#[28a]">smp_sc_check_for_ecc_pk_generation_request_ucfg</a>
 <LI><a href="#[3b0]">smp_sc_continue_on_exclusive_sc_pairing_ucfg</a>
 <LI><a href="#[376]">smp_sc_hci_le_generate_dhkey_complete_evt_hndl_ucfg</a>
 <LI><a href="#[377]">smp_sc_hci_le_read_local_p256_public_key_complete_evt_hndl_ucfg</a>
 <LI><a href="#[289]">smp_sc_init_ucfg</a>
 <LI><a href="#[3b7]">smp_sc_update_statistics_on_pairing_complete_ucfg</a>
 <LI><a href="#[3a0]">smp_send_packet</a>
 <LI><a href="#[391]">start_timebase</a>
 <LI><a href="#[2f7]">state_func_call_init_csr_ucfg</a>
 <LI><a href="#[1c3]">store_data</a>
 <LI><a href="#[323]">swap_slaves</a>
 <LI><a href="#[2d4]">system_time_trans</a>
 <LI><a href="#[2d3]">system_time_trans_ext</a>
 <LI><a href="#[321]">time_offset1</a>
 <LI><a href="#[325]">time_offset2</a>
 <LI><a href="#[36b]">timebase_start_connect</a>
 <LI><a href="#[37e]">unpack_channel_map</a>
 <LI><a href="#[37d]">unpack_update_request</a>
 <LI><a href="#[311]">_aci_gap_set_discoverable_param_check</a>
 <LI><a href="#[30a]">_load_uuid</a>
 <LI><a href="#[117]">BlueNRG_Stack_Initialize_ConfigData</a>
 <LI><a href="#[118]">BlueNRG_Stack_Initialize_Layers</a>
 <LI><a href="#[115]">BlueNRG_Stack_Initialize_RAM_check</a>
 <LI><a href="#[104]">BlueNRG_Stack_Perform_Crystal_Check</a>
 <LI><a href="#[126]">BlueNRG_Start_Crystal_Measurement</a>
 <LI><a href="#[2d1]">TimerCallback</a>
 <LI><a href="#[1]">isr_advertise_state</a>
 <LI><a href="#[2]">isr_connect_slave_state</a>
 <LI><a href="#[4]">isr_test_rx_state</a>
 <LI><a href="#[3]">isr_test_tx_state</a>
 <LI><a href="#[0]">isr_unknown_state</a>
 <LI><a href="#[30d]">fifoBuf_getFreeHeader</a>
 <LI><a href="#[15a]">fifoCtrl_init</a>
 <LI><a href="#[179]">_GAP_Parse_Advertising_Report</a>
 <LI><a href="#[17c]">aci_gap_limited_discoverable_event_push</a>
 <LI><a href="#[16c]">aci_gap_proc_complete_event_push</a>
 <LI><a href="#[191]">GATT_Server_Set_Flag</a>
 <LI><a href="#[1b0]">Gatt_Flush_Pending_AclPacket_Lists</a>
 <LI><a href="#[1b1]">Gatt_Reset_To_Closed_State</a>
 <LI><a href="#[1ba]">Gatt_Store_Server_Database_And_Reset_CCCD</a>
 <LI><a href="#[1c6]">Pm_Resize_Host_Acl_Pckt</a>
 <LI><a href="#[267]">aci_gatt_indication_event_push</a>
 <LI><a href="#[268]">aci_gatt_notification_event_push</a>
 <LI><a href="#[1bf]">aci_hal_fw_error_event_push</a>
 <LI><a href="#[211]">L2C_Get_Connection_Info</a>
 <LI><a href="#[227]">L2C_Get_Connection_Info_Index</a>
 <LI><a href="#[218]">L2C_Mux_Acl_Packet</a>
 <LI><a href="#[21b]">L2C_Rcv_Data</a>
 <LI><a href="#[226]">L2C_Reset_To_Closed_State</a>
 <LI><a href="#[220]">L2C_discard_accumulated_acl_data</a>
 <LI><a href="#[229]">aci_l2cap_connection_update_req_event_push</a>
 <LI><a href="#[36e]">hci_encryption_change_event_push</a>
 <LI><a href="#[36f]">hci_encryption_key_refresh_complete_event_push</a>
 <LI><a href="#[371]">hci_le_connection_complete_event_push</a>
 <LI><a href="#[372]">hci_le_connection_update_complete_event_push</a>
 <LI><a href="#[150]">Mem_assign</a>
 <LI><a href="#[316]">adapt_slot</a>
 <LI><a href="#[318]">nsar_insertSlotListEntry</a>
 <LI><a href="#[319]">nsar_searchBestFreeSlot</a>
 <LI><a href="#[390]">nsar_updateBestFreeSlot</a>
 <LI><a href="#[317]">nsar_updateSlotListEntry</a>
 <LI><a href="#[32e]">swap_u16</a>
 <LI><a href="#[255]">PM_Check_And_Set</a>
 <LI><a href="#[386]">wait_for_aes_ready</a>
 <LI><a href="#[31a]">addr_u32_from_u8</a>
 <LI><a href="#[31c]">le2ByteToInt16</a>
 <LI><a href="#[31b]">le4ByteToInt32</a>
 <LI><a href="#[22f]">LL_Set_DirectAddress</a>
 <LI><a href="#[23f]">addr_u32_from_u8</a>
 <LI><a href="#[239]">int32ToLe4Byte</a>
 <LI><a href="#[31d]">le4ByteToInt32</a>
 <LI><a href="#[236]">wait_for_prescheduled_slot_cancellation</a>
 <LI><a href="#[23b]">convert_power</a>
 <LI><a href="#[3ba]">swap_u16</a>
 <LI><a href="#[3b9]">swap_u32</a>
 <LI><a href="#[3b8]">swap_u8</a>
 <LI><a href="#[156]">Erase_Sector</a>
 <LI><a href="#[283]">Write_Client_Data</a>
 <LI><a href="#[2f4]">int32ToLe4Byte</a>
 <LI><a href="#[27a]">sdb_delete</a>
 <LI><a href="#[284]">sdb_find_client_data</a>
 <LI><a href="#[2f3]">sdb_get_gatt_db_start_address</a>
 <LI><a href="#[27b]">sdb_invalidate_record</a>
 <LI><a href="#[279]">sdb_read_record</a>
 <LI><a href="#[278]">sdb_read_record_validity</a>
 <LI><a href="#[27c]">sdb_write_record</a>
 <LI><a href="#[3a2]">int32ToLe4Byte</a>
 <LI><a href="#[3af]">smp_Build_AuthReq_Field</a>
 <LI><a href="#[3b3]">smp_Build_Pairing_ReqResp_Packet</a>
 <LI><a href="#[3ae]">smp_Check_Incoming_Pairing_Parameters</a>
 <LI><a href="#[395]">smp_Determine_Key_Association_Method</a>
 <LI><a href="#[290]">smp_Execute_Actions_wrt_Current_State</a>
 <LI><a href="#[28b]">smp_Get_Long_Term_Key</a>
 <LI><a href="#[3b2]">smp_Get_Pairing_Parameters_From_Peer_Packet</a>
 <LI><a href="#[399]">smp_Keys_Distribution_Send</a>
 <LI><a href="#[3a1]">smp_LP_SR_Compute_c1_Confirm_Value</a>
 <LI><a href="#[291]">smp_Process_Rx_Packet_wrt_Current_State</a>
 <LI><a href="#[3aa]">smp_Set_Key_Association_Method</a>
 <LI><a href="#[3a6]">smp____SR_PairingConfirm_Receive</a>
 <LI><a href="#[3a7]">smp____SR_PairingRandom_Receive</a>
 <LI><a href="#[3a5]">smp____SR_PairingRequest_Receive</a>
 <LI><a href="#[299]">SMP_connection_complete_handler</a>
 <LI><a href="#[30e]">aci_gap_authorization_req_event_push</a>
 <LI><a href="#[295]">aci_gap_pairing_complete_event_push</a>
 <LI><a href="#[298]">smp_Keys_Distribution_Complete</a>
 <LI><a href="#[29a]">smp_flush_rx_queues</a>
 <LI><a href="#[3b5]">smp_pairing_process_abort</a>
 <LI><a href="#[296]">smp_update_statistics_on_pairing_complete</a>
 <LI><a href="#[c8]">ATT_fill_type_val_entry</a>
 <LI><a href="#[ca]">ATT_validate_prepare_req</a>
 <LI><a href="#[166]">Pm_Resize_Host_Acl_Pckt</a>
 <LI><a href="#[161]">aci_gatt_attribute_modified_event_push</a>
 <LI><a href="#[272]">aci_gatt_read_multi_permit_req_event_push</a>
 <LI><a href="#[270]">aci_gatt_read_permit_req_event_push</a>
 <LI><a href="#[2f5]">aci_gatt_write_permit_req_event_push</a>
 <LI><a href="#[2a1]">sma_Calculate_Hash</a>
 <LI><a href="#[393]">sma_generate_subkeys</a>
 <LI><a href="#[394]">sma_left_shift</a>
</UL>
</UL>
<P>
<H3>
Mutually Recursive functions
</H3> <LI><a href="#[7]">HardFault_Handler</a>&nbsp;&nbsp;&nbsp;&rArr;&nbsp;&nbsp;&nbsp;<a href="#[7]">HardFault_Handler</a><BR>
</UL>
<P>
<H3>
Function Pointers
</H3><UL>
 <LI><a href="#[11]">ADC_Handler</a> from system_bluenrg1.o(i.ADC_Handler) referenced from system_bluenrg1.o(.intvec)
 <LI><a href="#[f]">Blue_Handler</a> from bluenrg1_it.o(i.Blue_Handler) referenced from system_bluenrg1.o(.intvec)
 <LI><a href="#[1a]">DMA_Handler</a> from bluenrg1_it.o(i.DMA_Handler) referenced from system_bluenrg1.o(.intvec)
 <LI><a href="#[b]">GPIO_Handler</a> from bluenrg1_it.o(i.GPIO_Handler) referenced from system_bluenrg1.o(.intvec)
 <LI><a href="#[7]">HardFault_Handler</a> from bluenrg1_it.o(i.HardFault_Handler) referenced from system_bluenrg1.o(.intvec)
 <LI><a href="#[13]">I2C1_Handler</a> from system_bluenrg1.o(i.I2C1_Handler) referenced from system_bluenrg1.o(.intvec)
 <LI><a href="#[12]">I2C2_Handler</a> from system_bluenrg1.o(i.I2C2_Handler) referenced from system_bluenrg1.o(.intvec)
 <LI><a href="#[14]">MFT1A_Handler</a> from system_bluenrg1.o(i.MFT1A_Handler) referenced from system_bluenrg1.o(.intvec)
 <LI><a href="#[15]">MFT1B_Handler</a> from system_bluenrg1.o(i.MFT1B_Handler) referenced from system_bluenrg1.o(.intvec)
 <LI><a href="#[16]">MFT2A_Handler</a> from system_bluenrg1.o(i.MFT2A_Handler) referenced from system_bluenrg1.o(.intvec)
 <LI><a href="#[17]">MFT2B_Handler</a> from system_bluenrg1.o(i.MFT2B_Handler) referenced from system_bluenrg1.o(.intvec)
 <LI><a href="#[6]">NMI_Handler</a> from bluenrg1_it.o(i.NMI_Handler) referenced from system_bluenrg1.o(.intvec)
 <LI><a href="#[c]">NVM_Handler</a> from system_bluenrg1.o(i.NVM_Handler) referenced from system_bluenrg1.o(.intvec)
 <LI><a href="#[19]">PKA_Handler</a> from system_bluenrg1.o(i.PKA_Handler) referenced from system_bluenrg1.o(.intvec)
 <LI><a href="#[9]">PendSV_Handler</a> from system_bluenrg1.o(i.PendSV_Handler) referenced from system_bluenrg1.o(.intvec)
 <LI><a href="#[5]">RESET_HANDLER</a> from system_bluenrg1.o(i.RESET_HANDLER) referenced from system_bluenrg1.o(.intvec)
 <LI><a href="#[18]">RTC_Handler</a> from system_bluenrg1.o(i.RTC_Handler) referenced from system_bluenrg1.o(.intvec)
 <LI><a href="#[e]">SPI_Handler</a> from system_bluenrg1.o(i.SPI_Handler) referenced from system_bluenrg1.o(.intvec)
 <LI><a href="#[8]">SVC_Handler</a> from bluenrg1_it.o(i.SVC_Handler) referenced from system_bluenrg1.o(.intvec)
 <LI><a href="#[a]">SysTick_Handler</a> from bluenrg1_it.o(i.SysTick_Handler) referenced from system_bluenrg1.o(.intvec)
 <LI><a href="#[d]">UART_Handler</a> from bluenrg1_it.o(i.UART_Handler) referenced from system_bluenrg1.o(.intvec)
 <LI><a href="#[10]">WDG_Handler</a> from system_bluenrg1.o(i.WDG_Handler) referenced from system_bluenrg1.o(.intvec)
 <LI><a href="#[1d]">_sputc</a> from printf8.o(i._sputc) referenced from printf8.o(i.__0sprintf$8)
 <LI><a href="#[42]">cb_aci_att_exchange_mtu_resp_event</a> from aci_events.o(i.cb_aci_att_exchange_mtu_resp_event) referenced from aci_events.o(.constdata)
 <LI><a href="#[4c]">cb_aci_att_exec_write_resp_event</a> from aci_events.o(i.cb_aci_att_exec_write_resp_event) referenced from aci_events.o(.constdata)
 <LI><a href="#[44]">cb_aci_att_find_by_type_value_resp_event</a> from aci_events.o(i.cb_aci_att_find_by_type_value_resp_event) referenced from aci_events.o(.constdata)
 <LI><a href="#[43]">cb_aci_att_find_info_resp_event</a> from aci_events.o(i.cb_aci_att_find_info_resp_event) referenced from aci_events.o(.constdata)
 <LI><a href="#[4b]">cb_aci_att_prepare_write_resp_event</a> from aci_events.o(i.cb_aci_att_prepare_write_resp_event) referenced from aci_events.o(.constdata)
 <LI><a href="#[47]">cb_aci_att_read_blob_resp_event</a> from aci_events.o(i.cb_aci_att_read_blob_resp_event) referenced from aci_events.o(.constdata)
 <LI><a href="#[49]">cb_aci_att_read_by_group_type_resp_event</a> from aci_events.o(i.cb_aci_att_read_by_group_type_resp_event) referenced from aci_events.o(.constdata)
 <LI><a href="#[45]">cb_aci_att_read_by_type_resp_event</a> from aci_events.o(i.cb_aci_att_read_by_type_resp_event) referenced from aci_events.o(.constdata)
 <LI><a href="#[48]">cb_aci_att_read_multiple_resp_event</a> from aci_events.o(i.cb_aci_att_read_multiple_resp_event) referenced from aci_events.o(.constdata)
 <LI><a href="#[46]">cb_aci_att_read_resp_event</a> from aci_events.o(i.cb_aci_att_read_resp_event) referenced from aci_events.o(.constdata)
 <LI><a href="#[4a]">cb_aci_att_write_resp_event</a> from aci_events.o(i.cb_aci_att_write_resp_event) referenced from aci_events.o(.constdata)
 <LI><a href="#[38]">cb_aci_gap_addr_not_resolved_event</a> from aci_events.o(i.cb_aci_gap_addr_not_resolved_event) referenced from aci_events.o(.constdata)
 <LI><a href="#[33]">cb_aci_gap_authorization_req_event</a> from aci_events.o(i.cb_aci_gap_authorization_req_event) referenced from aci_events.o(.constdata)
 <LI><a href="#[35]">cb_aci_gap_bond_lost_event</a> from aci_events.o(i.cb_aci_gap_bond_lost_event) referenced from aci_events.o(.constdata)
 <LI><a href="#[36]">cb_aci_gap_device_found_event</a> from aci_events.o(i.cb_aci_gap_device_found_event) referenced from aci_events.o(.constdata)
 <LI><a href="#[3a]">cb_aci_gap_keypress_notification_event</a> from aci_events.o(i.cb_aci_gap_keypress_notification_event) referenced from aci_events.o(.constdata)
 <LI><a href="#[30]">cb_aci_gap_limited_discoverable_event</a> from aci_events.o(i.cb_aci_gap_limited_discoverable_event) referenced from aci_events.o(.constdata)
 <LI><a href="#[39]">cb_aci_gap_numeric_comparison_value_event</a> from aci_events.o(i.cb_aci_gap_numeric_comparison_value_event) referenced from aci_events.o(.constdata)
 <LI><a href="#[31]">cb_aci_gap_pairing_complete_event</a> from aci_events.o(i.cb_aci_gap_pairing_complete_event) referenced from aci_events.o(.constdata)
 <LI><a href="#[32]">cb_aci_gap_pass_key_req_event</a> from aci_events.o(i.cb_aci_gap_pass_key_req_event) referenced from aci_events.o(.constdata)
 <LI><a href="#[37]">cb_aci_gap_proc_complete_event</a> from aci_events.o(i.cb_aci_gap_proc_complete_event) referenced from aci_events.o(.constdata)
 <LI><a href="#[34]">cb_aci_gap_slave_security_initiated_event</a> from aci_events.o(i.cb_aci_gap_slave_security_initiated_event) referenced from aci_events.o(.constdata)
 <LI><a href="#[40]">cb_aci_gatt_attribute_modified_event</a> from aci_events.o(i.cb_aci_gatt_attribute_modified_event) referenced from aci_events.o(.constdata)
 <LI><a href="#[51]">cb_aci_gatt_disc_read_char_by_uuid_resp_event</a> from aci_events.o(i.cb_aci_gatt_disc_read_char_by_uuid_resp_event) referenced from aci_events.o(.constdata)
 <LI><a href="#[50]">cb_aci_gatt_error_resp_event</a> from aci_events.o(i.cb_aci_gatt_error_resp_event) referenced from aci_events.o(.constdata)
 <LI><a href="#[4d]">cb_aci_gatt_indication_event</a> from aci_events.o(i.cb_aci_gatt_indication_event) referenced from aci_events.o(.constdata)
 <LI><a href="#[4e]">cb_aci_gatt_notification_event</a> from aci_events.o(i.cb_aci_gatt_notification_event) referenced from aci_events.o(.constdata)
 <LI><a href="#[53]">cb_aci_gatt_prepare_write_permit_req_event</a> from aci_events.o(i.cb_aci_gatt_prepare_write_permit_req_event) referenced from aci_events.o(.constdata)
 <LI><a href="#[4f]">cb_aci_gatt_proc_complete_event</a> from aci_events.o(i.cb_aci_gatt_proc_complete_event) referenced from aci_events.o(.constdata)
 <LI><a href="#[41]">cb_aci_gatt_proc_timeout_event</a> from aci_events.o(i.cb_aci_gatt_proc_timeout_event) referenced from aci_events.o(.constdata)
 <LI><a href="#[55]">cb_aci_gatt_read_multi_permit_req_event</a> from aci_events.o(i.cb_aci_gatt_read_multi_permit_req_event) referenced from aci_events.o(.constdata)
 <LI><a href="#[54]">cb_aci_gatt_read_permit_req_event</a> from aci_events.o(i.cb_aci_gatt_read_permit_req_event) referenced from aci_events.o(.constdata)
 <LI><a href="#[57]">cb_aci_gatt_server_confirmation_event</a> from aci_events.o(i.cb_aci_gatt_server_confirmation_event) referenced from aci_events.o(.constdata)
 <LI><a href="#[56]">cb_aci_gatt_tx_pool_available_event</a> from aci_events.o(i.cb_aci_gatt_tx_pool_available_event) referenced from aci_events.o(.constdata)
 <LI><a href="#[52]">cb_aci_gatt_write_permit_req_event</a> from aci_events.o(i.cb_aci_gatt_write_permit_req_event) referenced from aci_events.o(.constdata)
 <LI><a href="#[3f]">cb_aci_hal_fw_error_event</a> from aci_events.o(i.cb_aci_hal_fw_error_event) referenced from aci_events.o(.constdata)
 <LI><a href="#[2d]">cb_aci_hal_scan_req_report_event</a> from aci_events.o(i.cb_aci_hal_scan_req_report_event) referenced from aci_events.o(.constdata)
 <LI><a href="#[3e]">cb_aci_l2cap_command_reject_event</a> from aci_events.o(i.cb_aci_l2cap_command_reject_event) referenced from aci_events.o(.constdata)
 <LI><a href="#[3d]">cb_aci_l2cap_connection_update_req_event</a> from aci_events.o(i.cb_aci_l2cap_connection_update_req_event) referenced from aci_events.o(.constdata)
 <LI><a href="#[3b]">cb_aci_l2cap_connection_update_resp_event</a> from aci_events.o(i.cb_aci_l2cap_connection_update_resp_event) referenced from aci_events.o(.constdata)
 <LI><a href="#[3c]">cb_aci_l2cap_proc_timeout_event</a> from aci_events.o(i.cb_aci_l2cap_proc_timeout_event) referenced from aci_events.o(.constdata)
 <LI><a href="#[29]">cb_hci_data_buffer_overflow_event</a> from aci_events.o(i.cb_hci_data_buffer_overflow_event) referenced from aci_events.o(.constdata)
 <LI><a href="#[1e]">cb_hci_disconnection_complete_event</a> from aci_events.o(i.cb_hci_disconnection_complete_event) referenced from aci_events.o(.constdata)
 <LI><a href="#[1f]">cb_hci_encryption_change_event</a> from aci_events.o(i.cb_hci_encryption_change_event) referenced from aci_events.o(.constdata)
 <LI><a href="#[20]">cb_hci_encryption_key_refresh_complete_event</a> from aci_events.o(i.cb_hci_encryption_key_refresh_complete_event) referenced from aci_events.o(.constdata)
 <LI><a href="#[23]">cb_hci_le_advertising_report_event</a> from aci_events.o(i.cb_hci_le_advertising_report_event) referenced from aci_events.o(.constdata)
 <LI><a href="#[21]">cb_hci_le_connection_complete_event</a> from aci_events.o(i.cb_hci_le_connection_complete_event) referenced from aci_events.o(.constdata)
 <LI><a href="#[2b]">cb_hci_le_connection_update_complete_event</a> from aci_events.o(i.cb_hci_le_connection_update_complete_event) referenced from aci_events.o(.constdata)
 <LI><a href="#[24]">cb_hci_le_data_length_change_event</a> from aci_events.o(i.cb_hci_le_data_length_change_event) referenced from aci_events.o(.constdata)
 <LI><a href="#[28]">cb_hci_le_direct_advertising_report_event</a> from aci_events.o(i.cb_hci_le_direct_advertising_report_event) referenced from aci_events.o(.constdata)
 <LI><a href="#[27]">cb_hci_le_enhanced_connection_complete_event</a> from aci_events.o(i.cb_hci_le_enhanced_connection_complete_event) referenced from aci_events.o(.constdata)
 <LI><a href="#[26]">cb_hci_le_generate_dhkey_complete_event</a> from aci_events.o(i.cb_hci_le_generate_dhkey_complete_event) referenced from aci_events.o(.constdata)
 <LI><a href="#[22]">cb_hci_le_long_term_key_request_event</a> from aci_events.o(i.cb_hci_le_long_term_key_request_event) referenced from aci_events.o(.constdata)
 <LI><a href="#[25]">cb_hci_le_read_local_p256_public_key_complete_event</a> from aci_events.o(i.cb_hci_le_read_local_p256_public_key_complete_event) referenced from aci_events.o(.constdata)
 <LI><a href="#[2c]">cb_hci_le_read_remote_used_features_complete_event</a> from aci_events.o(i.cb_hci_le_read_remote_used_features_complete_event) referenced from aci_events.o(.constdata)
 <LI><a href="#[2e]">cb_hci_number_of_completed_packets_event</a> from aci_events.o(i.cb_hci_number_of_completed_packets_event) referenced from aci_events.o(.constdata)
 <LI><a href="#[2a]">cb_hci_read_remote_version_information_complete_event</a> from aci_events.o(i.cb_hci_read_remote_version_information_complete_event) referenced from aci_events.o(.constdata)
 <LI><a href="#[2f]">cb_hci_rx_acl_data_event</a> from aci_events.o(i.cb_hci_rx_acl_data_event) referenced from aci_events.o(.constdata)
 <LI><a href="#[1c]">fputc</a> from sdk_eval_com.o(i.fputc) referenced from printf8.o(i.__0printf$8)
 <LI><a href="#[59]">int_cb_hci_acl_data_ind_event</a> from acl.o(i.int_cb_hci_acl_data_ind_event) referenced from aci_events.o(.constdata)
 <LI><a href="#[58]">int_cb_hci_acl_data_tx_cmpl_event</a> from acl.o(i.int_cb_hci_acl_data_tx_cmpl_event) referenced from aci_events.o(.constdata)
 <LI><a href="#[5a]">int_cb_hci_disconnection_complete_event</a> from aci_events.o(i.int_cb_hci_disconnection_complete_event) referenced from aci_events.o(.constdata)
 <LI><a href="#[5b]">int_cb_hci_encryption_change_event</a> from aci_events.o(i.int_cb_hci_encryption_change_event) referenced from aci_events.o(.constdata)
 <LI><a href="#[5c]">int_cb_hci_encryption_key_refresh_complete_event</a> from aci_events.o(i.int_cb_hci_encryption_key_refresh_complete_event) referenced from aci_events.o(.constdata)
 <LI><a href="#[5f]">int_cb_hci_le_advertising_report_event</a> from aci_events.o(i.int_cb_hci_le_advertising_report_event) referenced from aci_events.o(.constdata)
 <LI><a href="#[5d]">int_cb_hci_le_connection_complete_event</a> from aci_events.o(i.int_cb_hci_le_connection_complete_event) referenced from aci_events.o(.constdata)
 <LI><a href="#[60]">int_cb_hci_le_data_length_change_event</a> from aci_events.o(i.int_cb_hci_le_data_length_change_event) referenced from aci_events.o(.constdata)
 <LI><a href="#[64]">int_cb_hci_le_direct_advertising_report_event</a> from aci_events.o(i.int_cb_hci_le_direct_advertising_report_event) referenced from aci_events.o(.constdata)
 <LI><a href="#[63]">int_cb_hci_le_enhanced_connection_complete_event</a> from aci_events.o(i.int_cb_hci_le_enhanced_connection_complete_event) referenced from aci_events.o(.constdata)
 <LI><a href="#[62]">int_cb_hci_le_generate_dhkey_complete_event</a> from aci_events.o(i.int_cb_hci_le_generate_dhkey_complete_event) referenced from aci_events.o(.constdata)
 <LI><a href="#[5e]">int_cb_hci_le_long_term_key_request_event</a> from aci_events.o(i.int_cb_hci_le_long_term_key_request_event) referenced from aci_events.o(.constdata)
 <LI><a href="#[61]">int_cb_hci_le_read_local_p256_public_key_complete_event</a> from aci_events.o(i.int_cb_hci_le_read_local_p256_public_key_complete_event) referenced from aci_events.o(.constdata)
 <LI><a href="#[1]">isr_advertise_state</a> from ll_isr.o(i.isr_advertise_state) referenced 2 times from ll_isr.o(.data)
 <LI><a href="#[2]">isr_connect_slave_state</a> from ll_isr.o(i.isr_connect_slave_state) referenced 2 times from ll_isr.o(.data)
 <LI><a href="#[4]">isr_test_rx_state</a> from ll_isr.o(i.isr_test_rx_state) referenced 2 times from ll_isr.o(.data)
 <LI><a href="#[3]">isr_test_tx_state</a> from ll_isr.o(i.isr_test_tx_state) referenced 2 times from ll_isr.o(.data)
 <LI><a href="#[0]">isr_unknown_state</a> from ll_isr.o(i.isr_unknown_state) referenced 8 times from ll_isr.o(.data)
 <LI><a href="#[1b]">main</a> from sensordemo_main.o(i.main) referenced from entry9a.o(.ARM.Collect$$$$0000000B)
</UL>
<P>
<H3>
Global Symbols
</H3>
<P><STRONG><a name="[10f]"></a>CS_contextSave</STRONG> (Thumb, 82 bytes, Stack size 0 bytes, context_switch.o(. text))
<BR><BR>[Called By]<UL><LI><a href="#[10c]">&gt;&gt;</a>&nbsp;&nbsp;&nbsp;BlueNRG_InternalSleep
</UL>

<P><STRONG><a name="[300]"></a>CS_contextRestore</STRONG> (Thumb, 42 bytes, Stack size 0 bytes, context_switch.o(. text))
<BR><BR>[Called By]<UL><LI><a href="#[26f]">&gt;&gt;</a>&nbsp;&nbsp;&nbsp;__low_level_init
</UL>

<P><STRONG><a name="[65]"></a>__main</STRONG> (Thumb, 0 bytes, Stack size unknown bytes, entry.o(.ARM.Collect$$$$00000000))
<BR><BR>[Called By]<UL><LI><a href="#[5]">&gt;&gt;</a>&nbsp;&nbsp;&nbsp;RESET_HANDLER
</UL>

<P><STRONG><a name="[3bb]"></a>_main_stk</STRONG> (Thumb, 0 bytes, Stack size unknown bytes, entry3.o(.ARM.Collect$$$$00000002))

<P><STRONG><a name="[66]"></a>_main_scatterload</STRONG> (Thumb, 0 bytes, Stack size unknown bytes, entry5.o(.ARM.Collect$$$$00000004))
<BR><BR>[Calls]<UL><LI><a href="#[67]">&gt;&gt;</a>&nbsp;&nbsp;&nbsp;__scatterload
</UL>

<P><STRONG><a name="[b3]"></a>__main_after_scatterload</STRONG> (Thumb, 0 bytes, Stack size unknown bytes, entry5.o(.ARM.Collect$$$$00000004))
<BR><BR>[Called By]<UL><LI><a href="#[67]">&gt;&gt;</a>&nbsp;&nbsp;&nbsp;__scatterload
</UL>

<P><STRONG><a name="[3bc]"></a>_main_clock</STRONG> (Thumb, 0 bytes, Stack size unknown bytes, entry7b.o(.ARM.Collect$$$$00000008))

<P><STRONG><a name="[3bd]"></a>_main_cpp_init</STRONG> (Thumb, 0 bytes, Stack size unknown bytes, entry8b.o(.ARM.Collect$$$$0000000A))

<P><STRONG><a name="[3be]"></a>_main_init</STRONG> (Thumb, 0 bytes, Stack size unknown bytes, entry9a.o(.ARM.Collect$$$$0000000B))

<P><STRONG><a name="[68]"></a>__rt_lib_shutdown_fini</STRONG> (Thumb, 0 bytes, Stack size unknown bytes, entry12b.o(.ARM.Collect$$$$0000000E))
<BR><BR>[Calls]<UL><LI><a href="#[69]">&gt;&gt;</a>&nbsp;&nbsp;&nbsp;__arm_fini_ (Weak Reference)
</UL>

<P><STRONG><a name="[3bf]"></a>__rt_final_cpp</STRONG> (Thumb, 0 bytes, Stack size unknown bytes, entry10a.o(.ARM.Collect$$$$0000000F))

<P><STRONG><a name="[3c0]"></a>__rt_final_exit</STRONG> (Thumb, 0 bytes, Stack size unknown bytes, entry11a.o(.ARM.Collect$$$$00000011))

<P><STRONG><a name="[82]"></a>init_mc</STRONG> (Thumb, 310 bytes, Stack size 24 bytes, motion_fx_cm0p.o(.text))
<BR><BR>[Stack]<UL><LI>Max Depth = 84<LI>Call Chain = init_mc &rArr; ceilf &rArr; __aeabi_fadd &rArr; _float_epilogue
</UL>
<BR>[Calls]<UL><LI><a href="#[6d]">&gt;&gt;</a>&nbsp;&nbsp;&nbsp;__aeabi_fmul
<LI><a href="#[74]">&gt;&gt;</a>&nbsp;&nbsp;&nbsp;__aeabi_fdiv
<LI><a href="#[84]">&gt;&gt;</a>&nbsp;&nbsp;&nbsp;__aeabi_f2uiz
<LI><a href="#[85]">&gt;&gt;</a>&nbsp;&nbsp;&nbsp;__aeabi_memclr4
<LI><a href="#[83]">&gt;&gt;</a>&nbsp;&nbsp;&nbsp;ceilf
</UL>
<BR>[Called By]<UL><LI><a href="#[97]">&gt;&gt;</a>&nbsp;&nbsp;&nbsp;MotionFX_CM0P_MagCal_init
</UL>

<P><STRONG><a name="[3c1]"></a>set_mode_mc</STRONG> (Thumb, 30 bytes, Stack size 0 bytes, motion_fx_cm0p.o(.text), UNUSED)

<P><STRONG><a name="[86]"></a>inv</STRONG> (Thumb, 464 bytes, Stack size 64 bytes, motion_fx_cm0p.o(.text))
<BR><BR>[Stack]<UL><LI>Max Depth = 100<LI>Call Chain = inv &rArr; __aeabi_fsub &rArr; __aeabi_fadd &rArr; _float_epilogue
</UL>
<BR>[Calls]<UL><LI><a href="#[72]">&gt;&gt;</a>&nbsp;&nbsp;&nbsp;__aeabi_fsub
<LI><a href="#[6d]">&gt;&gt;</a>&nbsp;&nbsp;&nbsp;__aeabi_fmul
<LI><a href="#[74]">&gt;&gt;</a>&nbsp;&nbsp;&nbsp;__aeabi_fdiv
<LI><a href="#[6e]">&gt;&gt;</a>&nbsp;&nbsp;&nbsp;__aeabi_fadd
<LI><a href="#[87]">&gt;&gt;</a>&nbsp;&nbsp;&nbsp;__aeabi_cfcmpeq
</UL>
<BR>[Called By]<UL><LI><a href="#[8c]">&gt;&gt;</a>&nbsp;&nbsp;&nbsp;calibrate
</UL>

<P><STRONG><a name="[88]"></a>eig</STRONG> (Thumb, 960 bytes, Stack size 96 bytes, motion_fx_cm0p.o(.text))
<BR><BR>[Stack]<UL><LI>Max Depth = 212<LI>Call Chain = eig &rArr; cosf &rArr; __mathlib_rredf2 &rArr; __aeabi_fsub &rArr; __aeabi_fadd &rArr; _float_epilogue
</UL>
<BR>[Calls]<UL><LI><a href="#[72]">&gt;&gt;</a>&nbsp;&nbsp;&nbsp;__aeabi_fsub
<LI><a href="#[6d]">&gt;&gt;</a>&nbsp;&nbsp;&nbsp;__aeabi_fmul
<LI><a href="#[74]">&gt;&gt;</a>&nbsp;&nbsp;&nbsp;__aeabi_fdiv
<LI><a href="#[6e]">&gt;&gt;</a>&nbsp;&nbsp;&nbsp;__aeabi_fadd
<LI><a href="#[6f]">&gt;&gt;</a>&nbsp;&nbsp;&nbsp;__ARM_scalbnf
<LI><a href="#[89]">&gt;&gt;</a>&nbsp;&nbsp;&nbsp;__aeabi_uidivmod
<LI><a href="#[7c]">&gt;&gt;</a>&nbsp;&nbsp;&nbsp;sqrtf
<LI><a href="#[7a]">&gt;&gt;</a>&nbsp;&nbsp;&nbsp;cosf
<LI><a href="#[79]">&gt;&gt;</a>&nbsp;&nbsp;&nbsp;acosf
</UL>
<BR>[Called By]<UL><LI><a href="#[8c]">&gt;&gt;</a>&nbsp;&nbsp;&nbsp;calibrate
</UL>

<P><STRONG><a name="[8a]"></a>solve_linear_system</STRONG> (Thumb, 344 bytes, Stack size 448 bytes, motion_fx_cm0p.o(.text))
<BR><BR>[Stack]<UL><LI>Max Depth = 484<LI>Call Chain = solve_linear_system &rArr; __aeabi_frsub &rArr; __aeabi_fadd &rArr; _float_epilogue
</UL>
<BR>[Calls]<UL><LI><a href="#[6d]">&gt;&gt;</a>&nbsp;&nbsp;&nbsp;__aeabi_fmul
<LI><a href="#[74]">&gt;&gt;</a>&nbsp;&nbsp;&nbsp;__aeabi_fdiv
<LI><a href="#[70]">&gt;&gt;</a>&nbsp;&nbsp;&nbsp;__aeabi_frsub
<LI><a href="#[8b]">&gt;&gt;</a>&nbsp;&nbsp;&nbsp;__aeabi_memcpy4
</UL>
<BR>[Called By]<UL><LI><a href="#[8c]">&gt;&gt;</a>&nbsp;&nbsp;&nbsp;calibrate
</UL>

<P><STRONG><a name="[8d]"></a>dist</STRONG> (Thumb, 74 bytes, Stack size 24 bytes, motion_fx_cm0p.o(.text), UNUSED)
<BR><BR>[Calls]<UL><LI><a href="#[72]">&gt;&gt;</a>&nbsp;&nbsp;&nbsp;__aeabi_fsub
<LI><a href="#[6d]">&gt;&gt;</a>&nbsp;&nbsp;&nbsp;__aeabi_fmul
<LI><a href="#[6e]">&gt;&gt;</a>&nbsp;&nbsp;&nbsp;__aeabi_fadd
</UL>

<P><STRONG><a name="[8e]"></a>run_mc</STRONG> (Thumb, 1360 bytes, Stack size 80 bytes, motion_fx_cm0p.o(.text))
<BR><BR>[Stack]<UL><LI>Max Depth = 1188<LI>Call Chain = run_mc &rArr; calibrate &rArr; solve_linear_system &rArr; __aeabi_frsub &rArr; __aeabi_fadd &rArr; _float_epilogue
</UL>
<BR>[Calls]<UL><LI><a href="#[72]">&gt;&gt;</a>&nbsp;&nbsp;&nbsp;__aeabi_fsub
<LI><a href="#[6d]">&gt;&gt;</a>&nbsp;&nbsp;&nbsp;__aeabi_fmul
<LI><a href="#[6e]">&gt;&gt;</a>&nbsp;&nbsp;&nbsp;__aeabi_fadd
<LI><a href="#[7e]">&gt;&gt;</a>&nbsp;&nbsp;&nbsp;__aeabi_cfrcmple
<LI><a href="#[7d]">&gt;&gt;</a>&nbsp;&nbsp;&nbsp;__aeabi_cfcmple
<LI><a href="#[91]">&gt;&gt;</a>&nbsp;&nbsp;&nbsp;upd_ls_mat
<LI><a href="#[8c]">&gt;&gt;</a>&nbsp;&nbsp;&nbsp;calibrate
<LI><a href="#[85]">&gt;&gt;</a>&nbsp;&nbsp;&nbsp;__aeabi_memclr4
<LI><a href="#[8b]">&gt;&gt;</a>&nbsp;&nbsp;&nbsp;__aeabi_memcpy4
<LI><a href="#[90]">&gt;&gt;</a>&nbsp;&nbsp;&nbsp;__aeabi_idivmod
<LI><a href="#[8f]">&gt;&gt;</a>&nbsp;&nbsp;&nbsp;truncf
<LI><a href="#[7c]">&gt;&gt;</a>&nbsp;&nbsp;&nbsp;sqrtf
</UL>
<BR>[Called By]<UL><LI><a href="#[98]">&gt;&gt;</a>&nbsp;&nbsp;&nbsp;MotionFX_CM0P_MagCal_run
</UL>

<P><STRONG><a name="[3c2]"></a>get_ver_size_mc</STRONG> (Thumb, 18 bytes, Stack size 0 bytes, motion_fx_cm0p.o(.text), UNUSED)

<P><STRONG><a name="[3c3]"></a>get_ver_mc</STRONG> (Thumb, 34 bytes, Stack size 0 bytes, motion_fx_cm0p.o(.text), UNUSED)

<P><STRONG><a name="[3c4]"></a>get_ver_size_math</STRONG> (Thumb, 18 bytes, Stack size 0 bytes, motion_fx_cm0p.o(.text), UNUSED)

<P><STRONG><a name="[3c5]"></a>get_ver_math</STRONG> (Thumb, 154 bytes, Stack size 0 bytes, motion_fx_cm0p.o(.text), UNUSED)

<P><STRONG><a name="[92]"></a>MotionFX_CM0P_initialize</STRONG> (Thumb, 104 bytes, Stack size 8 bytes, motion_fx_cm0p.o(.text))
<BR><BR>[Stack]<UL><LI>Max Depth = 24<LI>Call Chain = MotionFX_CM0P_initialize &rArr; inemo_set_orientation
</UL>
<BR>[Calls]<UL><LI><a href="#[93]">&gt;&gt;</a>&nbsp;&nbsp;&nbsp;init_state
<LI><a href="#[6a]">&gt;&gt;</a>&nbsp;&nbsp;&nbsp;inemo_set_orientation
</UL>
<BR>[Called By]<UL><LI><a href="#[ee]">&gt;&gt;</a>&nbsp;&nbsp;&nbsp;Init_SensorFusion
</UL>

<P><STRONG><a name="[94]"></a>MotionFX_CM0P_setOrientation</STRONG> (Thumb, 40 bytes, Stack size 16 bytes, motion_fx_cm0p.o(.text))
<BR><BR>[Stack]<UL><LI>Max Depth = 32<LI>Call Chain = MotionFX_CM0P_setOrientation &rArr; inemo_set_orientation
</UL>
<BR>[Calls]<UL><LI><a href="#[6a]">&gt;&gt;</a>&nbsp;&nbsp;&nbsp;inemo_set_orientation
</UL>
<BR>[Called By]<UL><LI><a href="#[ee]">&gt;&gt;</a>&nbsp;&nbsp;&nbsp;Init_SensorFusion
</UL>

<P><STRONG><a name="[3c6]"></a>MotionFX_CM0P_getStatus_6X</STRONG> (Thumb, 14 bytes, Stack size 0 bytes, motion_fx_cm0p.o(.text), UNUSED)

<P><STRONG><a name="[3c7]"></a>MotionFX_CM0P_getStatus_9X</STRONG> (Thumb, 14 bytes, Stack size 0 bytes, motion_fx_cm0p.o(.text), UNUSED)

<P><STRONG><a name="[3c8]"></a>MotionFX_CM0P_getStatus_euler</STRONG> (Thumb, 14 bytes, Stack size 0 bytes, motion_fx_cm0p.o(.text), UNUSED)

<P><STRONG><a name="[3c9]"></a>MotionFX_CM0P_getStatus_gbias</STRONG> (Thumb, 14 bytes, Stack size 0 bytes, motion_fx_cm0p.o(.text), UNUSED)

<P><STRONG><a name="[20c]"></a>MotionFX_CM0P_enable_6X</STRONG> (Thumb, 14 bytes, Stack size 0 bytes, motion_fx_cm0p.o(.text))
<BR><BR>[Called By]<UL><LI><a href="#[ee]">&gt;&gt;</a>&nbsp;&nbsp;&nbsp;Init_SensorFusion
</UL>

<P><STRONG><a name="[f6]"></a>MotionFX_CM0P_enable_9X</STRONG> (Thumb, 14 bytes, Stack size 0 bytes, motion_fx_cm0p.o(.text))
<BR><BR>[Called By]<UL><LI><a href="#[ee]">&gt;&gt;</a>&nbsp;&nbsp;&nbsp;Init_SensorFusion
<LI><a href="#[eb]">&gt;&gt;</a>&nbsp;&nbsp;&nbsp;Attribute_Modified_CB
</UL>

<P><STRONG><a name="[20b]"></a>MotionFX_CM0P_enable_euler</STRONG> (Thumb, 14 bytes, Stack size 0 bytes, motion_fx_cm0p.o(.text))
<BR><BR>[Called By]<UL><LI><a href="#[ee]">&gt;&gt;</a>&nbsp;&nbsp;&nbsp;Init_SensorFusion
</UL>

<P><STRONG><a name="[20a]"></a>MotionFX_CM0P_enable_gbias</STRONG> (Thumb, 14 bytes, Stack size 0 bytes, motion_fx_cm0p.o(.text))
<BR><BR>[Called By]<UL><LI><a href="#[ee]">&gt;&gt;</a>&nbsp;&nbsp;&nbsp;Init_SensorFusion
</UL>

<P><STRONG><a name="[3ca]"></a>MotionFX_CM0P_setGbias</STRONG> (Thumb, 44 bytes, Stack size 4 bytes, motion_fx_cm0p.o(.text), UNUSED)

<P><STRONG><a name="[3cb]"></a>MotionFX_CM0P_getGbias</STRONG> (Thumb, 54 bytes, Stack size 0 bytes, motion_fx_cm0p.o(.text), UNUSED)

<P><STRONG><a name="[95]"></a>MotionFX_CM0P_update</STRONG> (Thumb, 520 bytes, Stack size 136 bytes, motion_fx_cm0p.o(.text))
<BR><BR>[Stack]<UL><LI>Max Depth = 452<LI>Call Chain = MotionFX_CM0P_update &rArr; update_fusion &rArr; quat_rot &rArr; quat_mult &rArr; __aeabi_fsub &rArr; __aeabi_fadd &rArr; _float_epilogue
</UL>
<BR>[Calls]<UL><LI><a href="#[72]">&gt;&gt;</a>&nbsp;&nbsp;&nbsp;__aeabi_fsub
<LI><a href="#[6d]">&gt;&gt;</a>&nbsp;&nbsp;&nbsp;__aeabi_fmul
<LI><a href="#[6e]">&gt;&gt;</a>&nbsp;&nbsp;&nbsp;__aeabi_fadd
<LI><a href="#[96]">&gt;&gt;</a>&nbsp;&nbsp;&nbsp;update_accel
<LI><a href="#[78]">&gt;&gt;</a>&nbsp;&nbsp;&nbsp;get_norm
<LI><a href="#[80]">&gt;&gt;</a>&nbsp;&nbsp;&nbsp;rotate
<LI><a href="#[7f]">&gt;&gt;</a>&nbsp;&nbsp;&nbsp;update_gyro
<LI><a href="#[76]">&gt;&gt;</a>&nbsp;&nbsp;&nbsp;update_fusion
<LI><a href="#[6c]">&gt;&gt;</a>&nbsp;&nbsp;&nbsp;quat_2_euler
</UL>
<BR>[Called By]<UL><LI><a href="#[2d8]">&gt;&gt;</a>&nbsp;&nbsp;&nbsp;User_AppTick
</UL>

<P><STRONG><a name="[97]"></a>MotionFX_CM0P_MagCal_init</STRONG> (Thumb, 48 bytes, Stack size 8 bytes, motion_fx_cm0p.o(.text))
<BR><BR>[Stack]<UL><LI>Max Depth = 92<LI>Call Chain = MotionFX_CM0P_MagCal_init &rArr; init_mc &rArr; ceilf &rArr; __aeabi_fadd &rArr; _float_epilogue
</UL>
<BR>[Calls]<UL><LI><a href="#[81]">&gt;&gt;</a>&nbsp;&nbsp;&nbsp;__aeabi_i2f
<LI><a href="#[74]">&gt;&gt;</a>&nbsp;&nbsp;&nbsp;__aeabi_fdiv
<LI><a href="#[82]">&gt;&gt;</a>&nbsp;&nbsp;&nbsp;init_mc
</UL>
<BR>[Called By]<UL><LI><a href="#[2d8]">&gt;&gt;</a>&nbsp;&nbsp;&nbsp;User_AppTick
<LI><a href="#[ee]">&gt;&gt;</a>&nbsp;&nbsp;&nbsp;Init_SensorFusion
</UL>

<P><STRONG><a name="[98]"></a>MotionFX_CM0P_MagCal_run</STRONG> (Thumb, 28 bytes, Stack size 16 bytes, motion_fx_cm0p.o(.text))
<BR><BR>[Stack]<UL><LI>Max Depth = 1204<LI>Call Chain = MotionFX_CM0P_MagCal_run &rArr; run_mc &rArr; calibrate &rArr; solve_linear_system &rArr; __aeabi_frsub &rArr; __aeabi_fadd &rArr; _float_epilogue
</UL>
<BR>[Calls]<UL><LI><a href="#[8e]">&gt;&gt;</a>&nbsp;&nbsp;&nbsp;run_mc
</UL>
<BR>[Called By]<UL><LI><a href="#[2d8]">&gt;&gt;</a>&nbsp;&nbsp;&nbsp;User_AppTick
</UL>

<P><STRONG><a name="[20d]"></a>MotionFX_CM0P_MagCal_getParams</STRONG> (Thumb, 160 bytes, Stack size 0 bytes, motion_fx_cm0p.o(.text))
<BR><BR>[Called By]<UL><LI><a href="#[2d8]">&gt;&gt;</a>&nbsp;&nbsp;&nbsp;User_AppTick
<LI><a href="#[ee]">&gt;&gt;</a>&nbsp;&nbsp;&nbsp;Init_SensorFusion
</UL>

<P><STRONG><a name="[99]"></a>MotionFX_CM0P_GetLibVersion</STRONG> (Thumb, 68 bytes, Stack size 48 bytes, motion_fx_cm0p.o(.text), UNUSED)
<BR><BR>[Calls]<UL><LI><a href="#[9a]">&gt;&gt;</a>&nbsp;&nbsp;&nbsp;strcpy
<LI><a href="#[9b]">&gt;&gt;</a>&nbsp;&nbsp;&nbsp;strlen
</UL>

<P><STRONG><a name="[3cc]"></a>__aeabi_uidiv</STRONG> (Thumb, 0 bytes, Stack size 12 bytes, uidiv.o(.text), UNUSED)

<P><STRONG><a name="[89]"></a>__aeabi_uidivmod</STRONG> (Thumb, 44 bytes, Stack size 12 bytes, uidiv.o(.text))
<BR><BR>[Stack]<UL><LI>Max Depth = 12<LI>Call Chain = __aeabi_uidivmod
</UL>
<BR>[Called By]<UL><LI><a href="#[2a3]">&gt;&gt;</a>&nbsp;&nbsp;&nbsp;UART_Init
<LI><a href="#[1eb]">&gt;&gt;</a>&nbsp;&nbsp;&nbsp;I2C_Init
<LI><a href="#[e5]">&gt;&gt;</a>&nbsp;&nbsp;&nbsp;BluevoiceADPCM_BNRG1_SetConfig
<LI><a href="#[88]">&gt;&gt;</a>&nbsp;&nbsp;&nbsp;eig
<LI><a href="#[107]">&gt;&gt;</a>&nbsp;&nbsp;&nbsp;Gatt_Process_Q
<LI><a href="#[316]">&gt;&gt;</a>&nbsp;&nbsp;&nbsp;adapt_slot
<LI><a href="#[90]">&gt;&gt;</a>&nbsp;&nbsp;&nbsp;__aeabi_idivmod
</UL>

<P><STRONG><a name="[3cd]"></a>__aeabi_idiv</STRONG> (Thumb, 0 bytes, Stack size 16 bytes, idiv.o(.text), UNUSED)

<P><STRONG><a name="[90]"></a>__aeabi_idivmod</STRONG> (Thumb, 40 bytes, Stack size 16 bytes, idiv.o(.text))
<BR><BR>[Stack]<UL><LI>Max Depth = 28<LI>Call Chain = __aeabi_idivmod &rArr; __aeabi_uidivmod
</UL>
<BR>[Calls]<UL><LI><a href="#[89]">&gt;&gt;</a>&nbsp;&nbsp;&nbsp;__aeabi_uidivmod
</UL>
<BR>[Called By]<UL><LI><a href="#[d0]">&gt;&gt;</a>&nbsp;&nbsp;&nbsp;AccGyroMag_Update
<LI><a href="#[8e]">&gt;&gt;</a>&nbsp;&nbsp;&nbsp;run_mc
</UL>

<P><STRONG><a name="[3ce]"></a>____aeabi_memcpy8$ret$move</STRONG> (Thumb, 0 bytes, Stack size 8 bytes, memmove.o(.text), UNUSED)

<P><STRONG><a name="[3cf]"></a>___aeabi_memmove$ret</STRONG> (Thumb, 0 bytes, Stack size 8 bytes, memmove.o(.text), UNUSED)

<P><STRONG><a name="[3d0]"></a>___aeabi_memmove8$ret</STRONG> (Thumb, 0 bytes, Stack size 8 bytes, memmove.o(.text), UNUSED)

<P><STRONG><a name="[131]"></a>__aeabi_memcpy</STRONG> (Thumb, 66 bytes, Stack size 8 bytes, memmove.o(.text))
<BR><BR>[Stack]<UL><LI>Max Depth = 8<LI>Call Chain = __aeabi_memcpy
</UL>
<BR>[Called By]<UL><LI><a href="#[12f]">&gt;&gt;</a>&nbsp;&nbsp;&nbsp;BluevoiceADPCM_BNRG1_PrepareBuffOut
<LI><a href="#[ed]">&gt;&gt;</a>&nbsp;&nbsp;&nbsp;Term_Update
<LI><a href="#[175]">&gt;&gt;</a>&nbsp;&nbsp;&nbsp;Gatt_Add_Service
<LI><a href="#[176]">&gt;&gt;</a>&nbsp;&nbsp;&nbsp;Gatt_Add_Characteristic
</UL>

<P><STRONG><a name="[8b]"></a>__aeabi_memcpy4</STRONG> (Thumb, 0 bytes, Stack size 8 bytes, memmove.o(.text))
<BR><BR>[Stack]<UL><LI>Max Depth = 8<LI>Call Chain = __aeabi_memcpy4
</UL>
<BR>[Called By]<UL><LI><a href="#[110]">&gt;&gt;</a>&nbsp;&nbsp;&nbsp;DeviceConfiguration
<LI><a href="#[2c7]">&gt;&gt;</a>&nbsp;&nbsp;&nbsp;Set_DeviceConnectable
<LI><a href="#[8e]">&gt;&gt;</a>&nbsp;&nbsp;&nbsp;run_mc
<LI><a href="#[8a]">&gt;&gt;</a>&nbsp;&nbsp;&nbsp;solve_linear_system
<LI><a href="#[8c]">&gt;&gt;</a>&nbsp;&nbsp;&nbsp;calibrate
<LI><a href="#[16d]">&gt;&gt;</a>&nbsp;&nbsp;&nbsp;GAP_Delete_ADType
<LI><a href="#[395]">&gt;&gt;</a>&nbsp;&nbsp;&nbsp;smp_Determine_Key_Association_Method
<LI><a href="#[3ad]">&gt;&gt;</a>&nbsp;&nbsp;&nbsp;smp_add_pairing_record_to_bonding_database
</UL>

<P><STRONG><a name="[249]"></a>__aeabi_memmove4</STRONG> (Thumb, 0 bytes, Stack size 8 bytes, memmove.o(.text))
<BR><BR>[Stack]<UL><LI>Max Depth = 8<LI>Call Chain = __aeabi_memmove4
</UL>
<BR>[Called By]<UL><LI><a href="#[248]">&gt;&gt;</a>&nbsp;&nbsp;&nbsp;Mem_Buff_Block_Copy
<LI><a href="#[24a]">&gt;&gt;</a>&nbsp;&nbsp;&nbsp;Mem_Buff_Block_Write
</UL>

<P><STRONG><a name="[251]"></a>memcpy</STRONG> (Thumb, 0 bytes, Stack size 8 bytes, memmove.o(.text))
<BR><BR>[Stack]<UL><LI>Max Depth = 8<LI>Call Chain = memcpy
</UL>
<BR>[Called By]<UL><LI><a href="#[c7]">&gt;&gt;</a>&nbsp;&nbsp;&nbsp;Osal_MemCpy
</UL>

<P><STRONG><a name="[3d1]"></a>memmove</STRONG> (Thumb, 0 bytes, Stack size 8 bytes, memmove.o(.text), UNUSED)

<P><STRONG><a name="[9c]"></a>__aeabi_memset</STRONG> (Thumb, 14 bytes, Stack size 0 bytes, memseta.o(.text))
<BR><BR>[Called By]<UL><LI><a href="#[9d]">&gt;&gt;</a>&nbsp;&nbsp;&nbsp;memset
<LI><a href="#[6b]">&gt;&gt;</a>&nbsp;&nbsp;&nbsp;__aeabi_memclr
</UL>

<P><STRONG><a name="[3d2]"></a>__aeabi_memset4</STRONG> (Thumb, 0 bytes, Stack size 0 bytes, memseta.o(.text), UNUSED)

<P><STRONG><a name="[3d3]"></a>__aeabi_memset8</STRONG> (Thumb, 0 bytes, Stack size 0 bytes, memseta.o(.text), UNUSED)

<P><STRONG><a name="[6b]"></a>__aeabi_memclr</STRONG> (Thumb, 4 bytes, Stack size 0 bytes, memseta.o(.text))
<BR><BR>[Calls]<UL><LI><a href="#[9c]">&gt;&gt;</a>&nbsp;&nbsp;&nbsp;__aeabi_memset
</UL>
<BR>[Called By]<UL><LI><a href="#[12f]">&gt;&gt;</a>&nbsp;&nbsp;&nbsp;BluevoiceADPCM_BNRG1_PrepareBuffOut
<LI><a href="#[2d8]">&gt;&gt;</a>&nbsp;&nbsp;&nbsp;User_AppTick
<LI><a href="#[6a]">&gt;&gt;</a>&nbsp;&nbsp;&nbsp;inemo_set_orientation
</UL>

<P><STRONG><a name="[85]"></a>__aeabi_memclr4</STRONG> (Thumb, 0 bytes, Stack size 0 bytes, memseta.o(.text))
<BR><BR>[Called By]<UL><LI><a href="#[130]">&gt;&gt;</a>&nbsp;&nbsp;&nbsp;BluevoiceADPCM_BNRG1_Initialize
<LI><a href="#[35b]">&gt;&gt;</a>&nbsp;&nbsp;&nbsp;hci_le_connection_complete_event
<LI><a href="#[357]">&gt;&gt;</a>&nbsp;&nbsp;&nbsp;hci_disconnection_complete_event
<LI><a href="#[2b9]">&gt;&gt;</a>&nbsp;&nbsp;&nbsp;Sensor_DeviceInit
<LI><a href="#[8e]">&gt;&gt;</a>&nbsp;&nbsp;&nbsp;run_mc
<LI><a href="#[82]">&gt;&gt;</a>&nbsp;&nbsp;&nbsp;init_mc
<LI><a href="#[8c]">&gt;&gt;</a>&nbsp;&nbsp;&nbsp;calibrate
<LI><a href="#[16d]">&gt;&gt;</a>&nbsp;&nbsp;&nbsp;GAP_Delete_ADType
<LI><a href="#[18d]">&gt;&gt;</a>&nbsp;&nbsp;&nbsp;_gap_set_discoverable_connectable
</UL>

<P><STRONG><a name="[3d4]"></a>__aeabi_memclr8</STRONG> (Thumb, 0 bytes, Stack size 0 bytes, memseta.o(.text), UNUSED)

<P><STRONG><a name="[9d]"></a>memset</STRONG> (Thumb, 18 bytes, Stack size 8 bytes, memseta.o(.text))
<BR><BR>[Stack]<UL><LI>Max Depth = 8<LI>Call Chain = memset
</UL>
<BR>[Calls]<UL><LI><a href="#[9c]">&gt;&gt;</a>&nbsp;&nbsp;&nbsp;__aeabi_memset
</UL>
<BR>[Called By]<UL><LI><a href="#[15b]">&gt;&gt;</a>&nbsp;&nbsp;&nbsp;Osal_MemSet
</UL>

<P><STRONG><a name="[9b]"></a>strlen</STRONG> (Thumb, 14 bytes, Stack size 0 bytes, strlen.o(.text), UNUSED)
<BR><BR>[Called By]<UL><LI><a href="#[99]">&gt;&gt;</a>&nbsp;&nbsp;&nbsp;MotionFX_CM0P_GetLibVersion
</UL>

<P><STRONG><a name="[250]"></a>memcmp</STRONG> (Thumb, 26 bytes, Stack size 12 bytes, memcmp.o(.text))
<BR><BR>[Stack]<UL><LI>Max Depth = 12<LI>Call Chain = memcmp
</UL>
<BR>[Called By]<UL><LI><a href="#[d3]">&gt;&gt;</a>&nbsp;&nbsp;&nbsp;Osal_MemCmp
</UL>

<P><STRONG><a name="[9a]"></a>strcpy</STRONG> (Thumb, 18 bytes, Stack size 0 bytes, strcpy.o(.text), UNUSED)
<BR><BR>[Called By]<UL><LI><a href="#[99]">&gt;&gt;</a>&nbsp;&nbsp;&nbsp;MotionFX_CM0P_GetLibVersion
</UL>

<P><STRONG><a name="[145]"></a>strncmp</STRONG> (Thumb, 30 bytes, Stack size 12 bytes, strncmp.o(.text))
<BR><BR>[Stack]<UL><LI>Max Depth = 12<LI>Call Chain = strncmp
</UL>
<BR>[Called By]<UL><LI><a href="#[ec]">&gt;&gt;</a>&nbsp;&nbsp;&nbsp;DebugConsoleCommandParsing
</UL>

<P><STRONG><a name="[231]"></a>__aeabi_uread4</STRONG> (Thumb, 20 bytes, Stack size 0 bytes, uread4.o(.text))
<BR><BR>[Called By]<UL><LI><a href="#[283]">&gt;&gt;</a>&nbsp;&nbsp;&nbsp;Write_Client_Data
<LI><a href="#[22b]">&gt;&gt;</a>&nbsp;&nbsp;&nbsp;LL_Check_And_Set_Addresses
</UL>

<P><STRONG><a name="[3d5]"></a>__rt_uread4</STRONG> (Thumb, 0 bytes, Stack size 0 bytes, uread4.o(.text), UNUSED)

<P><STRONG><a name="[3d6]"></a>_uread4</STRONG> (Thumb, 0 bytes, Stack size 0 bytes, uread4.o(.text), UNUSED)

<P><STRONG><a name="[6e]"></a>__aeabi_fadd</STRONG> (Thumb, 162 bytes, Stack size 24 bytes, fadd.o(.text))
<BR><BR>[Stack]<UL><LI>Max Depth = 36<LI>Call Chain = __aeabi_fadd &rArr; _float_epilogue
</UL>
<BR>[Calls]<UL><LI><a href="#[9f]">&gt;&gt;</a>&nbsp;&nbsp;&nbsp;_float_round
<LI><a href="#[9e]">&gt;&gt;</a>&nbsp;&nbsp;&nbsp;_float_epilogue
</UL>
<BR>[Called By]<UL><LI><a href="#[72]">&gt;&gt;</a>&nbsp;&nbsp;&nbsp;__aeabi_fsub
<LI><a href="#[b5]">&gt;&gt;</a>&nbsp;&nbsp;&nbsp;ADC_ConvertSingleEndedVoltage
<LI><a href="#[1df]">&gt;&gt;</a>&nbsp;&nbsp;&nbsp;HTS221_Get_Temperature
<LI><a href="#[1dd]">&gt;&gt;</a>&nbsp;&nbsp;&nbsp;HTS221_Get_Humidity
<LI><a href="#[70]">&gt;&gt;</a>&nbsp;&nbsp;&nbsp;__aeabi_frsub
<LI><a href="#[95]">&gt;&gt;</a>&nbsp;&nbsp;&nbsp;MotionFX_CM0P_update
<LI><a href="#[8e]">&gt;&gt;</a>&nbsp;&nbsp;&nbsp;run_mc
<LI><a href="#[8d]">&gt;&gt;</a>&nbsp;&nbsp;&nbsp;dist
<LI><a href="#[88]">&gt;&gt;</a>&nbsp;&nbsp;&nbsp;eig
<LI><a href="#[86]">&gt;&gt;</a>&nbsp;&nbsp;&nbsp;inv
<LI><a href="#[91]">&gt;&gt;</a>&nbsp;&nbsp;&nbsp;upd_ls_mat
<LI><a href="#[96]">&gt;&gt;</a>&nbsp;&nbsp;&nbsp;update_accel
<LI><a href="#[78]">&gt;&gt;</a>&nbsp;&nbsp;&nbsp;get_norm
<LI><a href="#[8c]">&gt;&gt;</a>&nbsp;&nbsp;&nbsp;calibrate
<LI><a href="#[80]">&gt;&gt;</a>&nbsp;&nbsp;&nbsp;rotate
<LI><a href="#[7f]">&gt;&gt;</a>&nbsp;&nbsp;&nbsp;update_gyro
<LI><a href="#[76]">&gt;&gt;</a>&nbsp;&nbsp;&nbsp;update_fusion
<LI><a href="#[75]">&gt;&gt;</a>&nbsp;&nbsp;&nbsp;quat_mult
<LI><a href="#[6c]">&gt;&gt;</a>&nbsp;&nbsp;&nbsp;quat_2_euler
<LI><a href="#[8f]">&gt;&gt;</a>&nbsp;&nbsp;&nbsp;truncf
<LI><a href="#[7b]">&gt;&gt;</a>&nbsp;&nbsp;&nbsp;sinf
<LI><a href="#[7a]">&gt;&gt;</a>&nbsp;&nbsp;&nbsp;cosf
<LI><a href="#[83]">&gt;&gt;</a>&nbsp;&nbsp;&nbsp;ceilf
<LI><a href="#[71]">&gt;&gt;</a>&nbsp;&nbsp;&nbsp;atan2f
<LI><a href="#[73]">&gt;&gt;</a>&nbsp;&nbsp;&nbsp;asinf
<LI><a href="#[79]">&gt;&gt;</a>&nbsp;&nbsp;&nbsp;acosf
<LI><a href="#[305]">&gt;&gt;</a>&nbsp;&nbsp;&nbsp;__mathlib_rredf2
<LI><a href="#[302]">&gt;&gt;</a>&nbsp;&nbsp;&nbsp;__mathlib_flt_infnan2
</UL>

<P><STRONG><a name="[72]"></a>__aeabi_fsub</STRONG> (Thumb, 8 bytes, Stack size 0 bytes, fadd.o(.text))
<BR><BR>[Stack]<UL><LI>Max Depth = 36<LI>Call Chain = __aeabi_fsub &rArr; __aeabi_fadd &rArr; _float_epilogue
</UL>
<BR>[Calls]<UL><LI><a href="#[6e]">&gt;&gt;</a>&nbsp;&nbsp;&nbsp;__aeabi_fadd
</UL>
<BR>[Called By]<UL><LI><a href="#[95]">&gt;&gt;</a>&nbsp;&nbsp;&nbsp;MotionFX_CM0P_update
<LI><a href="#[8e]">&gt;&gt;</a>&nbsp;&nbsp;&nbsp;run_mc
<LI><a href="#[8d]">&gt;&gt;</a>&nbsp;&nbsp;&nbsp;dist
<LI><a href="#[88]">&gt;&gt;</a>&nbsp;&nbsp;&nbsp;eig
<LI><a href="#[86]">&gt;&gt;</a>&nbsp;&nbsp;&nbsp;inv
<LI><a href="#[91]">&gt;&gt;</a>&nbsp;&nbsp;&nbsp;upd_ls_mat
<LI><a href="#[96]">&gt;&gt;</a>&nbsp;&nbsp;&nbsp;update_accel
<LI><a href="#[8c]">&gt;&gt;</a>&nbsp;&nbsp;&nbsp;calibrate
<LI><a href="#[7f]">&gt;&gt;</a>&nbsp;&nbsp;&nbsp;update_gyro
<LI><a href="#[76]">&gt;&gt;</a>&nbsp;&nbsp;&nbsp;update_fusion
<LI><a href="#[75]">&gt;&gt;</a>&nbsp;&nbsp;&nbsp;quat_mult
<LI><a href="#[6c]">&gt;&gt;</a>&nbsp;&nbsp;&nbsp;quat_2_euler
<LI><a href="#[8f]">&gt;&gt;</a>&nbsp;&nbsp;&nbsp;truncf
<LI><a href="#[7b]">&gt;&gt;</a>&nbsp;&nbsp;&nbsp;sinf
<LI><a href="#[7a]">&gt;&gt;</a>&nbsp;&nbsp;&nbsp;cosf
<LI><a href="#[71]">&gt;&gt;</a>&nbsp;&nbsp;&nbsp;atan2f
<LI><a href="#[79]">&gt;&gt;</a>&nbsp;&nbsp;&nbsp;acosf
<LI><a href="#[305]">&gt;&gt;</a>&nbsp;&nbsp;&nbsp;__mathlib_rredf2
</UL>

<P><STRONG><a name="[70]"></a>__aeabi_frsub</STRONG> (Thumb, 8 bytes, Stack size 0 bytes, fadd.o(.text))
<BR><BR>[Stack]<UL><LI>Max Depth = 36<LI>Call Chain = __aeabi_frsub &rArr; __aeabi_fadd &rArr; _float_epilogue
</UL>
<BR>[Calls]<UL><LI><a href="#[6e]">&gt;&gt;</a>&nbsp;&nbsp;&nbsp;__aeabi_fadd
</UL>
<BR>[Called By]<UL><LI><a href="#[2d8]">&gt;&gt;</a>&nbsp;&nbsp;&nbsp;User_AppTick
<LI><a href="#[8a]">&gt;&gt;</a>&nbsp;&nbsp;&nbsp;solve_linear_system
<LI><a href="#[91]">&gt;&gt;</a>&nbsp;&nbsp;&nbsp;upd_ls_mat
<LI><a href="#[6c]">&gt;&gt;</a>&nbsp;&nbsp;&nbsp;quat_2_euler
<LI><a href="#[7b]">&gt;&gt;</a>&nbsp;&nbsp;&nbsp;sinf
<LI><a href="#[7a]">&gt;&gt;</a>&nbsp;&nbsp;&nbsp;cosf
<LI><a href="#[71]">&gt;&gt;</a>&nbsp;&nbsp;&nbsp;atan2f
<LI><a href="#[73]">&gt;&gt;</a>&nbsp;&nbsp;&nbsp;asinf
<LI><a href="#[79]">&gt;&gt;</a>&nbsp;&nbsp;&nbsp;acosf
<LI><a href="#[305]">&gt;&gt;</a>&nbsp;&nbsp;&nbsp;__mathlib_rredf2
</UL>

<P><STRONG><a name="[6d]"></a>__aeabi_fmul</STRONG> (Thumb, 122 bytes, Stack size 16 bytes, fmul.o(.text))
<BR><BR>[Stack]<UL><LI>Max Depth = 16<LI>Call Chain = __aeabi_fmul
</UL>
<BR>[Called By]<UL><LI><a href="#[b5]">&gt;&gt;</a>&nbsp;&nbsp;&nbsp;ADC_ConvertSingleEndedVoltage
<LI><a href="#[b4]">&gt;&gt;</a>&nbsp;&nbsp;&nbsp;ADC_ConvertBatterySensor
<LI><a href="#[1df]">&gt;&gt;</a>&nbsp;&nbsp;&nbsp;HTS221_Get_Temperature
<LI><a href="#[1dd]">&gt;&gt;</a>&nbsp;&nbsp;&nbsp;HTS221_Get_Humidity
<LI><a href="#[95]">&gt;&gt;</a>&nbsp;&nbsp;&nbsp;MotionFX_CM0P_update
<LI><a href="#[2d8]">&gt;&gt;</a>&nbsp;&nbsp;&nbsp;User_AppTick
<LI><a href="#[2b9]">&gt;&gt;</a>&nbsp;&nbsp;&nbsp;Sensor_DeviceInit
<LI><a href="#[ee]">&gt;&gt;</a>&nbsp;&nbsp;&nbsp;Init_SensorFusion
<LI><a href="#[ec]">&gt;&gt;</a>&nbsp;&nbsp;&nbsp;DebugConsoleCommandParsing
<LI><a href="#[8e]">&gt;&gt;</a>&nbsp;&nbsp;&nbsp;run_mc
<LI><a href="#[8d]">&gt;&gt;</a>&nbsp;&nbsp;&nbsp;dist
<LI><a href="#[8a]">&gt;&gt;</a>&nbsp;&nbsp;&nbsp;solve_linear_system
<LI><a href="#[88]">&gt;&gt;</a>&nbsp;&nbsp;&nbsp;eig
<LI><a href="#[86]">&gt;&gt;</a>&nbsp;&nbsp;&nbsp;inv
<LI><a href="#[82]">&gt;&gt;</a>&nbsp;&nbsp;&nbsp;init_mc
<LI><a href="#[91]">&gt;&gt;</a>&nbsp;&nbsp;&nbsp;upd_ls_mat
<LI><a href="#[96]">&gt;&gt;</a>&nbsp;&nbsp;&nbsp;update_accel
<LI><a href="#[77]">&gt;&gt;</a>&nbsp;&nbsp;&nbsp;quat_rot
<LI><a href="#[78]">&gt;&gt;</a>&nbsp;&nbsp;&nbsp;get_norm
<LI><a href="#[8c]">&gt;&gt;</a>&nbsp;&nbsp;&nbsp;calibrate
<LI><a href="#[80]">&gt;&gt;</a>&nbsp;&nbsp;&nbsp;rotate
<LI><a href="#[7f]">&gt;&gt;</a>&nbsp;&nbsp;&nbsp;update_gyro
<LI><a href="#[76]">&gt;&gt;</a>&nbsp;&nbsp;&nbsp;update_fusion
<LI><a href="#[75]">&gt;&gt;</a>&nbsp;&nbsp;&nbsp;quat_mult
<LI><a href="#[6c]">&gt;&gt;</a>&nbsp;&nbsp;&nbsp;quat_2_euler
<LI><a href="#[7b]">&gt;&gt;</a>&nbsp;&nbsp;&nbsp;sinf
<LI><a href="#[7a]">&gt;&gt;</a>&nbsp;&nbsp;&nbsp;cosf
<LI><a href="#[71]">&gt;&gt;</a>&nbsp;&nbsp;&nbsp;atan2f
<LI><a href="#[73]">&gt;&gt;</a>&nbsp;&nbsp;&nbsp;asinf
<LI><a href="#[79]">&gt;&gt;</a>&nbsp;&nbsp;&nbsp;acosf
<LI><a href="#[305]">&gt;&gt;</a>&nbsp;&nbsp;&nbsp;__mathlib_rredf2
</UL>

<P><STRONG><a name="[74]"></a>__aeabi_fdiv</STRONG> (Thumb, 124 bytes, Stack size 16 bytes, fdiv.o(.text))
<BR><BR>[Stack]<UL><LI>Max Depth = 16<LI>Call Chain = __aeabi_fdiv
</UL>
<BR>[Calls]<UL><LI><a href="#[9f]">&gt;&gt;</a>&nbsp;&nbsp;&nbsp;_float_round
</UL>
<BR>[Called By]<UL><LI><a href="#[b5]">&gt;&gt;</a>&nbsp;&nbsp;&nbsp;ADC_ConvertSingleEndedVoltage
<LI><a href="#[1df]">&gt;&gt;</a>&nbsp;&nbsp;&nbsp;HTS221_Get_Temperature
<LI><a href="#[1dd]">&gt;&gt;</a>&nbsp;&nbsp;&nbsp;HTS221_Get_Humidity
<LI><a href="#[97]">&gt;&gt;</a>&nbsp;&nbsp;&nbsp;MotionFX_CM0P_MagCal_init
<LI><a href="#[2d8]">&gt;&gt;</a>&nbsp;&nbsp;&nbsp;User_AppTick
<LI><a href="#[8a]">&gt;&gt;</a>&nbsp;&nbsp;&nbsp;solve_linear_system
<LI><a href="#[88]">&gt;&gt;</a>&nbsp;&nbsp;&nbsp;eig
<LI><a href="#[86]">&gt;&gt;</a>&nbsp;&nbsp;&nbsp;inv
<LI><a href="#[82]">&gt;&gt;</a>&nbsp;&nbsp;&nbsp;init_mc
<LI><a href="#[96]">&gt;&gt;</a>&nbsp;&nbsp;&nbsp;update_accel
<LI><a href="#[77]">&gt;&gt;</a>&nbsp;&nbsp;&nbsp;quat_rot
<LI><a href="#[8c]">&gt;&gt;</a>&nbsp;&nbsp;&nbsp;calibrate
<LI><a href="#[7f]">&gt;&gt;</a>&nbsp;&nbsp;&nbsp;update_gyro
<LI><a href="#[76]">&gt;&gt;</a>&nbsp;&nbsp;&nbsp;update_fusion
<LI><a href="#[6c]">&gt;&gt;</a>&nbsp;&nbsp;&nbsp;quat_2_euler
<LI><a href="#[71]">&gt;&gt;</a>&nbsp;&nbsp;&nbsp;atan2f
<LI><a href="#[303]">&gt;&gt;</a>&nbsp;&nbsp;&nbsp;__mathlib_flt_invalid
</UL>

<P><STRONG><a name="[6f]"></a>__ARM_scalbnf</STRONG> (Thumb, 24 bytes, Stack size 0 bytes, fscalb.o(.text))
<BR><BR>[Called By]<UL><LI><a href="#[2d8]">&gt;&gt;</a>&nbsp;&nbsp;&nbsp;User_AppTick
<LI><a href="#[88]">&gt;&gt;</a>&nbsp;&nbsp;&nbsp;eig
<LI><a href="#[91]">&gt;&gt;</a>&nbsp;&nbsp;&nbsp;upd_ls_mat
<LI><a href="#[8c]">&gt;&gt;</a>&nbsp;&nbsp;&nbsp;calibrate
<LI><a href="#[7f]">&gt;&gt;</a>&nbsp;&nbsp;&nbsp;update_gyro
<LI><a href="#[76]">&gt;&gt;</a>&nbsp;&nbsp;&nbsp;update_fusion
<LI><a href="#[6c]">&gt;&gt;</a>&nbsp;&nbsp;&nbsp;quat_2_euler
<LI><a href="#[73]">&gt;&gt;</a>&nbsp;&nbsp;&nbsp;asinf
<LI><a href="#[79]">&gt;&gt;</a>&nbsp;&nbsp;&nbsp;acosf
<LI><a href="#[305]">&gt;&gt;</a>&nbsp;&nbsp;&nbsp;__mathlib_rredf2
<LI><a href="#[304]">&gt;&gt;</a>&nbsp;&nbsp;&nbsp;__mathlib_flt_underflow
<LI><a href="#[301]">&gt;&gt;</a>&nbsp;&nbsp;&nbsp;__mathlib_flt_infnan
</UL>

<P><STRONG><a name="[3d7]"></a>scalbnf</STRONG> (Thumb, 0 bytes, Stack size 0 bytes, fscalb.o(.text), UNUSED)

<P><STRONG><a name="[a0]"></a>__aeabi_dadd</STRONG> (Thumb, 330 bytes, Stack size 48 bytes, dadd.o(.text))
<BR><BR>[Stack]<UL><LI>Max Depth = 104<LI>Call Chain = __aeabi_dadd &rArr; _double_epilogue &rArr; __aeabi_llsr
</UL>
<BR>[Calls]<UL><LI><a href="#[a2]">&gt;&gt;</a>&nbsp;&nbsp;&nbsp;__aeabi_lasr
<LI><a href="#[a1]">&gt;&gt;</a>&nbsp;&nbsp;&nbsp;__aeabi_llsl
<LI><a href="#[a4]">&gt;&gt;</a>&nbsp;&nbsp;&nbsp;_double_round
<LI><a href="#[a3]">&gt;&gt;</a>&nbsp;&nbsp;&nbsp;_double_epilogue
</UL>
<BR>[Called By]<UL><LI><a href="#[a5]">&gt;&gt;</a>&nbsp;&nbsp;&nbsp;__aeabi_dsub
<LI><a href="#[a6]">&gt;&gt;</a>&nbsp;&nbsp;&nbsp;__aeabi_drsub
<LI><a href="#[b5]">&gt;&gt;</a>&nbsp;&nbsp;&nbsp;ADC_ConvertSingleEndedVoltage
<LI><a href="#[2d8]">&gt;&gt;</a>&nbsp;&nbsp;&nbsp;User_AppTick
</UL>

<P><STRONG><a name="[a5]"></a>__aeabi_dsub</STRONG> (Thumb, 12 bytes, Stack size 8 bytes, dadd.o(.text))
<BR><BR>[Stack]<UL><LI>Max Depth = 112<LI>Call Chain = __aeabi_dsub &rArr; __aeabi_dadd &rArr; _double_epilogue &rArr; __aeabi_llsr
</UL>
<BR>[Calls]<UL><LI><a href="#[a0]">&gt;&gt;</a>&nbsp;&nbsp;&nbsp;__aeabi_dadd
</UL>
<BR>[Called By]<UL><LI><a href="#[2c5]">&gt;&gt;</a>&nbsp;&nbsp;&nbsp;VL53L1_WaitMs
<LI><a href="#[ec]">&gt;&gt;</a>&nbsp;&nbsp;&nbsp;DebugConsoleCommandParsing
</UL>

<P><STRONG><a name="[a6]"></a>__aeabi_drsub</STRONG> (Thumb, 12 bytes, Stack size 8 bytes, dadd.o(.text))
<BR><BR>[Stack]<UL><LI>Max Depth = 112<LI>Call Chain = __aeabi_drsub &rArr; __aeabi_dadd &rArr; _double_epilogue &rArr; __aeabi_llsr
</UL>
<BR>[Calls]<UL><LI><a href="#[a0]">&gt;&gt;</a>&nbsp;&nbsp;&nbsp;__aeabi_dadd
</UL>
<BR>[Called By]<UL><LI><a href="#[b5]">&gt;&gt;</a>&nbsp;&nbsp;&nbsp;ADC_ConvertSingleEndedVoltage
</UL>

<P><STRONG><a name="[a7]"></a>__aeabi_dmul</STRONG> (Thumb, 202 bytes, Stack size 72 bytes, dmul.o(.text))
<BR><BR>[Stack]<UL><LI>Max Depth = 128<LI>Call Chain = __aeabi_dmul &rArr; _double_epilogue &rArr; __aeabi_llsr
</UL>
<BR>[Calls]<UL><LI><a href="#[a3]">&gt;&gt;</a>&nbsp;&nbsp;&nbsp;_double_epilogue
</UL>
<BR>[Called By]<UL><LI><a href="#[b5]">&gt;&gt;</a>&nbsp;&nbsp;&nbsp;ADC_ConvertSingleEndedVoltage
<LI><a href="#[2e0]">&gt;&gt;</a>&nbsp;&nbsp;&nbsp;VL53L1X_SetInterMeasurementInMs
<LI><a href="#[2d8]">&gt;&gt;</a>&nbsp;&nbsp;&nbsp;User_AppTick
<LI><a href="#[ec]">&gt;&gt;</a>&nbsp;&nbsp;&nbsp;DebugConsoleCommandParsing
</UL>

<P><STRONG><a name="[81]"></a>__aeabi_i2f</STRONG> (Thumb, 22 bytes, Stack size 8 bytes, fflti.o(.text))
<BR><BR>[Stack]<UL><LI>Max Depth = 20<LI>Call Chain = __aeabi_i2f &rArr; _float_epilogue
</UL>
<BR>[Calls]<UL><LI><a href="#[9e]">&gt;&gt;</a>&nbsp;&nbsp;&nbsp;_float_epilogue
</UL>
<BR>[Called By]<UL><LI><a href="#[b5]">&gt;&gt;</a>&nbsp;&nbsp;&nbsp;ADC_ConvertSingleEndedVoltage
<LI><a href="#[1df]">&gt;&gt;</a>&nbsp;&nbsp;&nbsp;HTS221_Get_Temperature
<LI><a href="#[1dd]">&gt;&gt;</a>&nbsp;&nbsp;&nbsp;HTS221_Get_Humidity
<LI><a href="#[97]">&gt;&gt;</a>&nbsp;&nbsp;&nbsp;MotionFX_CM0P_MagCal_init
<LI><a href="#[2d8]">&gt;&gt;</a>&nbsp;&nbsp;&nbsp;User_AppTick
<LI><a href="#[80]">&gt;&gt;</a>&nbsp;&nbsp;&nbsp;rotate
<LI><a href="#[305]">&gt;&gt;</a>&nbsp;&nbsp;&nbsp;__mathlib_rredf2
</UL>

<P><STRONG><a name="[a8]"></a>__aeabi_ui2f</STRONG> (Thumb, 14 bytes, Stack size 8 bytes, ffltui.o(.text))
<BR><BR>[Stack]<UL><LI>Max Depth = 20<LI>Call Chain = __aeabi_ui2f &rArr; _float_epilogue
</UL>
<BR>[Calls]<UL><LI><a href="#[9e]">&gt;&gt;</a>&nbsp;&nbsp;&nbsp;_float_epilogue
</UL>
<BR>[Called By]<UL><LI><a href="#[b5]">&gt;&gt;</a>&nbsp;&nbsp;&nbsp;ADC_ConvertSingleEndedVoltage
<LI><a href="#[305]">&gt;&gt;</a>&nbsp;&nbsp;&nbsp;__mathlib_rredf2
</UL>

<P><STRONG><a name="[a9]"></a>__aeabi_i2d</STRONG> (Thumb, 34 bytes, Stack size 16 bytes, dflti.o(.text))
<BR><BR>[Stack]<UL><LI>Max Depth = 72<LI>Call Chain = __aeabi_i2d &rArr; _double_epilogue &rArr; __aeabi_llsr
</UL>
<BR>[Calls]<UL><LI><a href="#[a3]">&gt;&gt;</a>&nbsp;&nbsp;&nbsp;_double_epilogue
</UL>
<BR>[Called By]<UL><LI><a href="#[2c5]">&gt;&gt;</a>&nbsp;&nbsp;&nbsp;VL53L1_WaitMs
</UL>

<P><STRONG><a name="[aa]"></a>__aeabi_ui2d</STRONG> (Thumb, 24 bytes, Stack size 16 bytes, dfltui.o(.text))
<BR><BR>[Stack]<UL><LI>Max Depth = 72<LI>Call Chain = __aeabi_ui2d &rArr; _double_epilogue &rArr; __aeabi_llsr
</UL>
<BR>[Calls]<UL><LI><a href="#[a3]">&gt;&gt;</a>&nbsp;&nbsp;&nbsp;_double_epilogue
</UL>
<BR>[Called By]<UL><LI><a href="#[2c5]">&gt;&gt;</a>&nbsp;&nbsp;&nbsp;VL53L1_WaitMs
<LI><a href="#[2e0]">&gt;&gt;</a>&nbsp;&nbsp;&nbsp;VL53L1X_SetInterMeasurementInMs
</UL>

[...]
<LI><a href="#[1ab]">&gt;&gt;</a>&nbsp;&nbsp;&nbsp;PM_Get_Pckt
<LI><a href="#[27e]">&gt;&gt;</a>&nbsp;&nbsp;&nbsp;SMA_generate_EDIV_recovery_DIV
<LI><a href="#[280]">&gt;&gt;</a>&nbsp;&nbsp;&nbsp;SMA_Diversify
<LI><a href="#[287]">&gt;&gt;</a>&nbsp;&nbsp;&nbsp;SMA_Generate_IRK
<LI><a href="#[1cd]">&gt;&gt;</a>&nbsp;&nbsp;&nbsp;HAL_Generate_Random_Bytes_To
<LI><a href="#[39f]">&gt;&gt;</a>&nbsp;&nbsp;&nbsp;smp_get_local_identity_address
<LI><a href="#[286]">&gt;&gt;</a>&nbsp;&nbsp;&nbsp;SMA_Generate_CSRK
<LI><a href="#[3a0]">&gt;&gt;</a>&nbsp;&nbsp;&nbsp;smp_send_packet
</UL>
<BR>[Called By]<UL><LI><a href="#[290]">&gt;&gt;</a>&nbsp;&nbsp;&nbsp;smp_Execute_Actions_wrt_Current_State
</UL>

<P><STRONG><a name="[3a1]"></a>smp_LP_SR_Compute_c1_Confirm_Value</STRONG> (Thumb, 332 bytes, Stack size unknown bytes, securitymgr.o(i.smp_LP_SR_Compute_c1_Confirm_Value))
<BR><BR>[Stack]<UL><LI>Max Depth = 16 + Unknown Stack Size
<LI>Call Chain = smp_LP_SR_Compute_c1_Confirm_Value &rArr; Osal_MemSet &rArr; memset
</UL>
<BR>[Calls]<UL><LI><a href="#[15b]">&gt;&gt;</a>&nbsp;&nbsp;&nbsp;Osal_MemSet
<LI><a href="#[c7]">&gt;&gt;</a>&nbsp;&nbsp;&nbsp;Osal_MemCpy
<LI><a href="#[285]">&gt;&gt;</a>&nbsp;&nbsp;&nbsp;hci_le_encrypt
<LI><a href="#[3a2]">&gt;&gt;</a>&nbsp;&nbsp;&nbsp;int32ToLe4Byte
<LI><a href="#[22a]">&gt;&gt;</a>&nbsp;&nbsp;&nbsp;LL_Get_Address
</UL>
<BR>[Called By]<UL><LI><a href="#[3a7]">&gt;&gt;</a>&nbsp;&nbsp;&nbsp;smp____SR_PairingRandom_Receive
<LI><a href="#[3a6]">&gt;&gt;</a>&nbsp;&nbsp;&nbsp;smp____SR_PairingConfirm_Receive
</UL>

<P><STRONG><a name="[291]"></a>smp_Process_Rx_Packet_wrt_Current_State</STRONG> (Thumb, 296 bytes, Stack size unknown bytes, securitymgr.o(i.smp_Process_Rx_Packet_wrt_Current_State))
<BR><BR>[Stack]<UL><LI>Max Depth = 20 + Unknown Stack Size
<LI>Call Chain = smp_Process_Rx_Packet_wrt_Current_State &rArr; smp____SR_PairingRequest_Receive &rArr; smp_pairing_failed_send &rArr; smp_pairing_process_abort &rArr; smp_repeated_attacks_protection &rArr; Osal_MemCmp &rArr; memcmp
</UL>
<BR>[Calls]<UL><LI><a href="#[d5]">&gt;&gt;</a>&nbsp;&nbsp;&nbsp;aci_event_fifo_push_header
<LI><a href="#[d6]">&gt;&gt;</a>&nbsp;&nbsp;&nbsp;aci_event_fifo_push
<LI><a href="#[3a5]">&gt;&gt;</a>&nbsp;&nbsp;&nbsp;smp____SR_PairingRequest_Receive
<LI><a href="#[3a7]">&gt;&gt;</a>&nbsp;&nbsp;&nbsp;smp____SR_PairingRandom_Receive
<LI><a href="#[3a6]">&gt;&gt;</a>&nbsp;&nbsp;&nbsp;smp____SR_PairingConfirm_Receive
<LI><a href="#[3a3]">&gt;&gt;</a>&nbsp;&nbsp;&nbsp;smp_Process_Rx_Packet_wrt_Current_State_sc_excerpt_ucfg
<LI><a href="#[3a9]">&gt;&gt;</a>&nbsp;&nbsp;&nbsp;smp_Process_Rx_Packet_wrt_Current_State_MI_excerpt_ucfg
<LI><a href="#[3a8]">&gt;&gt;</a>&nbsp;&nbsp;&nbsp;smp_pairing_failed_send
<LI><a href="#[3a4]">&gt;&gt;</a>&nbsp;&nbsp;&nbsp;smp_keys_receiving
<LI><a href="#[28d]">&gt;&gt;</a>&nbsp;&nbsp;&nbsp;smp_find_remote_device_index
<LI><a href="#[28e]">&gt;&gt;</a>&nbsp;&nbsp;&nbsp;SMP_reset_timer
</UL>
<BR>[Called By]<UL><LI><a href="#[108]">&gt;&gt;</a>&nbsp;&nbsp;&nbsp;SMP_Process_Q
</UL>

<P><STRONG><a name="[3aa]"></a>smp_Set_Key_Association_Method</STRONG> (Thumb, 112 bytes, Stack size unknown bytes, securitymgr.o(i.smp_Set_Key_Association_Method))
<BR><BR>[Stack]<UL><LI>Max Depth = 8 + Unknown Stack Size
<LI>Call Chain = smp_Set_Key_Association_Method &rArr; smp_Determine_Key_Association_Method &rArr; __aeabi_memcpy4
</UL>
<BR>[Calls]<UL><LI><a href="#[d5]">&gt;&gt;</a>&nbsp;&nbsp;&nbsp;aci_event_fifo_push_header
<LI><a href="#[d6]">&gt;&gt;</a>&nbsp;&nbsp;&nbsp;aci_event_fifo_push
<LI><a href="#[395]">&gt;&gt;</a>&nbsp;&nbsp;&nbsp;smp_Determine_Key_Association_Method
</UL>
<BR>[Called By]<UL><LI><a href="#[3a5]">&gt;&gt;</a>&nbsp;&nbsp;&nbsp;smp____SR_PairingRequest_Receive
</UL>

<P><STRONG><a name="[3a6]"></a>smp____SR_PairingConfirm_Receive</STRONG> (Thumb, 122 bytes, Stack size unknown bytes, securitymgr.o(i.smp____SR_PairingConfirm_Receive))
<BR><BR>[Stack]<UL><LI>Max Depth = 16 + Unknown Stack Size
<LI>Call Chain = smp____SR_PairingConfirm_Receive &rArr; PM_Write_Pckt_Data &rArr; Mem_Buff_Write &rArr; Osal_MemCpy &rArr; memcpy
</UL>
<BR>[Calls]<UL><LI><a href="#[c9]">&gt;&gt;</a>&nbsp;&nbsp;&nbsp;PM_Write_Pckt_Data
<LI><a href="#[1ab]">&gt;&gt;</a>&nbsp;&nbsp;&nbsp;PM_Get_Pckt
<LI><a href="#[160]">&gt;&gt;</a>&nbsp;&nbsp;&nbsp;PM_Copy_Pckt_Data
<LI><a href="#[3a1]">&gt;&gt;</a>&nbsp;&nbsp;&nbsp;smp_LP_SR_Compute_c1_Confirm_Value
<LI><a href="#[3ab]">&gt;&gt;</a>&nbsp;&nbsp;&nbsp;smp_sc_SR_PairingConfirm_Receive_sc_excerpt_ucfg
<LI><a href="#[3a0]">&gt;&gt;</a>&nbsp;&nbsp;&nbsp;smp_send_packet
</UL>
<BR>[Called By]<UL><LI><a href="#[291]">&gt;&gt;</a>&nbsp;&nbsp;&nbsp;smp_Process_Rx_Packet_wrt_Current_State
</UL>

<P><STRONG><a name="[3a7]"></a>smp____SR_PairingRandom_Receive</STRONG> (Thumb, 282 bytes, Stack size unknown bytes, securitymgr.o(i.smp____SR_PairingRandom_Receive))
<BR><BR>[Stack]<UL><LI>Max Depth = 20 + Unknown Stack Size
<LI>Call Chain = smp____SR_PairingRandom_Receive &rArr; Osal_MemCmp &rArr; memcmp
</UL>
<BR>[Calls]<UL><LI><a href="#[15b]">&gt;&gt;</a>&nbsp;&nbsp;&nbsp;Osal_MemSet
<LI><a href="#[c7]">&gt;&gt;</a>&nbsp;&nbsp;&nbsp;Osal_MemCpy
<LI><a href="#[d3]">&gt;&gt;</a>&nbsp;&nbsp;&nbsp;Osal_MemCmp
<LI><a href="#[c9]">&gt;&gt;</a>&nbsp;&nbsp;&nbsp;PM_Write_Pckt_Data
<LI><a href="#[1ab]">&gt;&gt;</a>&nbsp;&nbsp;&nbsp;PM_Get_Pckt
<LI><a href="#[160]">&gt;&gt;</a>&nbsp;&nbsp;&nbsp;PM_Copy_Pckt_Data
<LI><a href="#[3a1]">&gt;&gt;</a>&nbsp;&nbsp;&nbsp;smp_LP_SR_Compute_c1_Confirm_Value
<LI><a href="#[3a2]">&gt;&gt;</a>&nbsp;&nbsp;&nbsp;int32ToLe4Byte
<LI><a href="#[3ac]">&gt;&gt;</a>&nbsp;&nbsp;&nbsp;smp_sc_SR_PairingRandom_Receive_sc_excerpt_ucfg
<LI><a href="#[3a8]">&gt;&gt;</a>&nbsp;&nbsp;&nbsp;smp_pairing_failed_send
<LI><a href="#[288]">&gt;&gt;</a>&nbsp;&nbsp;&nbsp;SMA_LP_s1_Generate_STK
<LI><a href="#[3a0]">&gt;&gt;</a>&nbsp;&nbsp;&nbsp;smp_send_packet
</UL>
<BR>[Called By]<UL><LI><a href="#[291]">&gt;&gt;</a>&nbsp;&nbsp;&nbsp;smp_Process_Rx_Packet_wrt_Current_State
</UL>

<P><STRONG><a name="[3a5]"></a>smp____SR_PairingRequest_Receive</STRONG> (Thumb, 376 bytes, Stack size unknown bytes, securitymgr.o(i.smp____SR_PairingRequest_Receive))
<BR><BR>[Stack]<UL><LI>Max Depth = 20 + Unknown Stack Size
<LI>Call Chain = smp____SR_PairingRequest_Receive &rArr; smp_pairing_failed_send &rArr; smp_pairing_process_abort &rArr; smp_repeated_attacks_protection &rArr; Osal_MemCmp &rArr; memcmp
</UL>
<BR>[Calls]<UL><LI><a href="#[1ab]">&gt;&gt;</a>&nbsp;&nbsp;&nbsp;PM_Get_Pckt
<LI><a href="#[3aa]">&gt;&gt;</a>&nbsp;&nbsp;&nbsp;smp_Set_Key_Association_Method
<LI><a href="#[3b2]">&gt;&gt;</a>&nbsp;&nbsp;&nbsp;smp_Get_Pairing_Parameters_From_Peer_Packet
<LI><a href="#[3ae]">&gt;&gt;</a>&nbsp;&nbsp;&nbsp;smp_Check_Incoming_Pairing_Parameters
<LI><a href="#[3b3]">&gt;&gt;</a>&nbsp;&nbsp;&nbsp;smp_Build_Pairing_ReqResp_Packet
<LI><a href="#[3af]">&gt;&gt;</a>&nbsp;&nbsp;&nbsp;smp_Build_AuthReq_Field
<LI><a href="#[3b0]">&gt;&gt;</a>&nbsp;&nbsp;&nbsp;smp_sc_continue_on_exclusive_sc_pairing_ucfg
<LI><a href="#[3a8]">&gt;&gt;</a>&nbsp;&nbsp;&nbsp;smp_pairing_failed_send
<LI><a href="#[3b1]">&gt;&gt;</a>&nbsp;&nbsp;&nbsp;smp_oob_check_is_remote_data_present
<LI><a href="#[3ad]">&gt;&gt;</a>&nbsp;&nbsp;&nbsp;smp_add_pairing_record_to_bonding_database
<LI><a href="#[3a0]">&gt;&gt;</a>&nbsp;&nbsp;&nbsp;smp_send_packet
</UL>
<BR>[Called By]<UL><LI><a href="#[291]">&gt;&gt;</a>&nbsp;&nbsp;&nbsp;smp_Process_Rx_Packet_wrt_Current_State
</UL>

<P><STRONG><a name="[299]"></a>SMP_connection_complete_handler</STRONG> (Thumb, 138 bytes, Stack size unknown bytes, smp_common.o(i.SMP_connection_complete_handler))
<BR><BR>[Stack]<UL><LI>Max Depth = 16 + Unknown Stack Size
<LI>Call Chain = SMP_connection_complete_handler &rArr; Osal_MemSet &rArr; memset
</UL>
<BR>[Calls]<UL><LI><a href="#[15b]">&gt;&gt;</a>&nbsp;&nbsp;&nbsp;Osal_MemSet
<LI><a href="#[c7]">&gt;&gt;</a>&nbsp;&nbsp;&nbsp;Osal_MemCpy
</UL>
<BR>[Called By]<UL><LI><a href="#[215]">&gt;&gt;</a>&nbsp;&nbsp;&nbsp;SMP_hci_le_enhanced_connection_complete_evt_hndl
<LI><a href="#[214]">&gt;&gt;</a>&nbsp;&nbsp;&nbsp;SMP_hci_le_connection_complete_evt_hndl
</UL>

<P><STRONG><a name="[30e]"></a>aci_gap_authorization_req_event_push</STRONG> (Thumb, 80 bytes, Stack size unknown bytes, smp_common.o(i.aci_gap_authorization_req_event_push))
<BR><BR>[Calls]<UL><LI><a href="#[d5]">&gt;&gt;</a>&nbsp;&nbsp;&nbsp;aci_event_fifo_push_header
<LI><a href="#[d6]">&gt;&gt;</a>&nbsp;&nbsp;&nbsp;aci_event_fifo_push
</UL>
<BR>[Called By]<UL><LI><a href="#[39a]">&gt;&gt;</a>&nbsp;&nbsp;&nbsp;smp_pairing_completed
</UL>

<P><STRONG><a name="[295]"></a>aci_gap_pairing_complete_event_push</STRONG> (Thumb, 88 bytes, Stack size unknown bytes, smp_common.o(i.aci_gap_pairing_complete_event_push))
<BR><BR>[Calls]<UL><LI><a href="#[d5]">&gt;&gt;</a>&nbsp;&nbsp;&nbsp;aci_event_fifo_push_header
<LI><a href="#[d6]">&gt;&gt;</a>&nbsp;&nbsp;&nbsp;aci_event_fifo_push
</UL>
<BR>[Called By]<UL><LI><a href="#[294]">&gt;&gt;</a>&nbsp;&nbsp;&nbsp;SMP_Protocol_Timer_cb
<LI><a href="#[225]">&gt;&gt;</a>&nbsp;&nbsp;&nbsp;SMP_hci_encryption_change_evt_hndl
<LI><a href="#[3b5]">&gt;&gt;</a>&nbsp;&nbsp;&nbsp;smp_pairing_process_abort
<LI><a href="#[39a]">&gt;&gt;</a>&nbsp;&nbsp;&nbsp;smp_pairing_completed
</UL>

<P><STRONG><a name="[298]"></a>smp_Keys_Distribution_Complete</STRONG> (Thumb, 50 bytes, Stack size unknown bytes, smp_common.o(i.smp_Keys_Distribution_Complete))
<BR><BR>[Stack]<UL><LI>Max Depth = 20 + Unknown Stack Size
<LI>Call Chain = smp_Keys_Distribution_Complete &rArr; smp_pairing_completed &rArr; smp_add_pairing_record_to_bonding_database &rArr; SDB_Add_Record &rArr; Osal_MemCmp &rArr; memcmp
</UL>
<BR>[Calls]<UL><LI><a href="#[39e]">&gt;&gt;</a>&nbsp;&nbsp;&nbsp;smp_MI_Start_Encryption_ucfg
<LI><a href="#[39a]">&gt;&gt;</a>&nbsp;&nbsp;&nbsp;smp_pairing_completed
</UL>
<BR>[Called By]<UL><LI><a href="#[21a]">&gt;&gt;</a>&nbsp;&nbsp;&nbsp;SMP_acl_data_hndl
</UL>

<P><STRONG><a name="[29a]"></a>smp_flush_rx_queues</STRONG> (Thumb, 52 bytes, Stack size unknown bytes, smp_common.o(i.smp_flush_rx_queues))
<BR><BR>[Calls]<UL><LI><a href="#[15f]">&gt;&gt;</a>&nbsp;&nbsp;&nbsp;acl_list_remove
<LI><a href="#[15e]">&gt;&gt;</a>&nbsp;&nbsp;&nbsp;acl_list_first
<LI><a href="#[162]">&gt;&gt;</a>&nbsp;&nbsp;&nbsp;PM_Release_Acl_Pckt
</UL>
<BR>[Called By]<UL><LI><a href="#[223]">&gt;&gt;</a>&nbsp;&nbsp;&nbsp;SMP_hci_disconnection_complete_evt_hndl
<LI><a href="#[3b5]">&gt;&gt;</a>&nbsp;&nbsp;&nbsp;smp_pairing_process_abort
</UL>

<P><STRONG><a name="[3b5]"></a>smp_pairing_process_abort</STRONG> (Thumb, 96 bytes, Stack size unknown bytes, smp_common.o(i.smp_pairing_process_abort))
<BR><BR>[Stack]<UL><LI>Max Depth = 20 + Unknown Stack Size
<LI>Call Chain = smp_pairing_process_abort &rArr; smp_repeated_attacks_protection &rArr; Osal_MemCmp &rArr; memcmp
</UL>
<BR>[Calls]<UL><LI><a href="#[15b]">&gt;&gt;</a>&nbsp;&nbsp;&nbsp;Osal_MemSet
<LI><a href="#[3b6]">&gt;&gt;</a>&nbsp;&nbsp;&nbsp;smp_repeated_attacks_protection
<LI><a href="#[296]">&gt;&gt;</a>&nbsp;&nbsp;&nbsp;smp_update_statistics_on_pairing_complete
<LI><a href="#[29a]">&gt;&gt;</a>&nbsp;&nbsp;&nbsp;smp_flush_rx_queues
<LI><a href="#[295]">&gt;&gt;</a>&nbsp;&nbsp;&nbsp;aci_gap_pairing_complete_event_push
<LI><a href="#[28d]">&gt;&gt;</a>&nbsp;&nbsp;&nbsp;smp_find_remote_device_index
<LI><a href="#[28e]">&gt;&gt;</a>&nbsp;&nbsp;&nbsp;SMP_reset_timer
</UL>
<BR>[Called By]<UL><LI><a href="#[3a8]">&gt;&gt;</a>&nbsp;&nbsp;&nbsp;smp_pairing_failed_send
<LI><a href="#[292]">&gt;&gt;</a>&nbsp;&nbsp;&nbsp;smp_pairing_failed_receive
</UL>

<P><STRONG><a name="[296]"></a>smp_update_statistics_on_pairing_complete</STRONG> (Thumb, 50 bytes, Stack size unknown bytes, smp_common.o(i.smp_update_statistics_on_pairing_complete))
<BR><BR>[Calls]<UL><LI><a href="#[3b7]">&gt;&gt;</a>&nbsp;&nbsp;&nbsp;smp_sc_update_statistics_on_pairing_complete_ucfg
</UL>
<BR>[Called By]<UL><LI><a href="#[294]">&gt;&gt;</a>&nbsp;&nbsp;&nbsp;SMP_Protocol_Timer_cb
<LI><a href="#[223]">&gt;&gt;</a>&nbsp;&nbsp;&nbsp;SMP_hci_disconnection_complete_evt_hndl
<LI><a href="#[3b5]">&gt;&gt;</a>&nbsp;&nbsp;&nbsp;smp_pairing_process_abort
<LI><a href="#[39a]">&gt;&gt;</a>&nbsp;&nbsp;&nbsp;smp_pairing_completed
</UL>

<P><STRONG><a name="[c8]"></a>ATT_fill_type_val_entry</STRONG> (Thumb, 52 bytes, Stack size unknown bytes, att.o(i.ATT_fill_type_val_entry))
<BR><BR>[Stack]<UL><LI>Max Depth = 16 + Unknown Stack Size
<LI>Call Chain = ATT_fill_type_val_entry &rArr; PM_Write_Pckt_Data &rArr; Mem_Buff_Write &rArr; Osal_MemCpy &rArr; memcpy
</UL>
<BR>[Calls]<UL><LI><a href="#[c9]">&gt;&gt;</a>&nbsp;&nbsp;&nbsp;PM_Write_Pckt_Data
</UL>
<BR>[Called By]<UL><LI><a href="#[165]">&gt;&gt;</a>&nbsp;&nbsp;&nbsp;Find_By_Type_Val_Resp
</UL>

<P><STRONG><a name="[ca]"></a>ATT_validate_prepare_req</STRONG> (Thumb, 162 bytes, Stack size unknown bytes, att.o(i.ATT_validate_prepare_req))
<BR><BR>[Stack]<UL><LI>Max Depth = 16 + Unknown Stack Size
<LI>Call Chain = ATT_validate_prepare_req &rArr; Osal_MemCpy &rArr; memcpy
</UL>
<BR>[Calls]<UL><LI><a href="#[c7]">&gt;&gt;</a>&nbsp;&nbsp;&nbsp;Osal_MemCpy
<LI><a href="#[cc]">&gt;&gt;</a>&nbsp;&nbsp;&nbsp;Gatt_search_handle
<LI><a href="#[cb]">&gt;&gt;</a>&nbsp;&nbsp;&nbsp;Gatt_Find_Srv_Owner_Of_Handle
</UL>
<BR>[Called By]<UL><LI><a href="#[15d]">&gt;&gt;</a>&nbsp;&nbsp;&nbsp;Exec_Write_Resp
</UL>

<P><STRONG><a name="[166]"></a>Pm_Resize_Host_Acl_Pckt</STRONG> (Thumb, 14 bytes, Stack size unknown bytes, att.o(i.Pm_Resize_Host_Acl_Pckt))
<BR><BR>[Calls]<UL><LI><a href="#[25a]">&gt;&gt;</a>&nbsp;&nbsp;&nbsp;PM_Resize_Pckt_Pdu_Size
</UL>
<BR>[Called By]<UL><LI><a href="#[1ac]">&gt;&gt;</a>&nbsp;&nbsp;&nbsp;Read_Resp
<LI><a href="#[1ae]">&gt;&gt;</a>&nbsp;&nbsp;&nbsp;Read_Multi_Resp
<LI><a href="#[1af]">&gt;&gt;</a>&nbsp;&nbsp;&nbsp;Read_By_Type_Resp
<LI><a href="#[264]">&gt;&gt;</a>&nbsp;&nbsp;&nbsp;Read_By_Grp_Type_Resp
<LI><a href="#[1ad]">&gt;&gt;</a>&nbsp;&nbsp;&nbsp;Read_Blob_Resp
<LI><a href="#[262]">&gt;&gt;</a>&nbsp;&nbsp;&nbsp;Prepare_Write_Resp
<LI><a href="#[168]">&gt;&gt;</a>&nbsp;&nbsp;&nbsp;Find_Info_Resp
<LI><a href="#[165]">&gt;&gt;</a>&nbsp;&nbsp;&nbsp;Find_By_Type_Val_Resp
</UL>

<P><STRONG><a name="[161]"></a>aci_gatt_attribute_modified_event_push</STRONG> (Thumb, 116 bytes, Stack size unknown bytes, att.o(i.aci_gatt_attribute_modified_event_push))
<BR><BR>[Stack]<UL><LI>Max Depth = 16 + Unknown Stack Size
<LI>Call Chain = aci_gatt_attribute_modified_event_push &rArr; Osal_MemCpy &rArr; memcpy
</UL>
<BR>[Calls]<UL><LI><a href="#[c7]">&gt;&gt;</a>&nbsp;&nbsp;&nbsp;Osal_MemCpy
<LI><a href="#[d5]">&gt;&gt;</a>&nbsp;&nbsp;&nbsp;aci_event_fifo_push_header
<LI><a href="#[d6]">&gt;&gt;</a>&nbsp;&nbsp;&nbsp;aci_event_fifo_push
</UL>
<BR>[Called By]<UL><LI><a href="#[265]">&gt;&gt;</a>&nbsp;&nbsp;&nbsp;Write_Resp
<LI><a href="#[266]">&gt;&gt;</a>&nbsp;&nbsp;&nbsp;Write_Cmd
<LI><a href="#[15d]">&gt;&gt;</a>&nbsp;&nbsp;&nbsp;Exec_Write_Resp
</UL>

<P><STRONG><a name="[272]"></a>aci_gatt_read_multi_permit_req_event_push</STRONG> (Thumb, 98 bytes, Stack size unknown bytes, att.o(i.aci_gatt_read_multi_permit_req_event_push))
<BR><BR>[Stack]<UL><LI>Max Depth = 16 + Unknown Stack Size
<LI>Call Chain = aci_gatt_read_multi_permit_req_event_push &rArr; Osal_MemCpy &rArr; memcpy
</UL>
<BR>[Calls]<UL><LI><a href="#[c7]">&gt;&gt;</a>&nbsp;&nbsp;&nbsp;Osal_MemCpy
<LI><a href="#[d5]">&gt;&gt;</a>&nbsp;&nbsp;&nbsp;aci_event_fifo_push_header
<LI><a href="#[d6]">&gt;&gt;</a>&nbsp;&nbsp;&nbsp;aci_event_fifo_push
</UL>
<BR>[Called By]<UL><LI><a href="#[1ae]">&gt;&gt;</a>&nbsp;&nbsp;&nbsp;Read_Multi_Resp
<LI><a href="#[1af]">&gt;&gt;</a>&nbsp;&nbsp;&nbsp;Read_By_Type_Resp
</UL>

<P><STRONG><a name="[270]"></a>aci_gatt_read_permit_req_event_push</STRONG> (Thumb, 74 bytes, Stack size unknown bytes, att.o(i.aci_gatt_read_permit_req_event_push))
<BR><BR>[Calls]<UL><LI><a href="#[d5]">&gt;&gt;</a>&nbsp;&nbsp;&nbsp;aci_event_fifo_push_header
<LI><a href="#[d6]">&gt;&gt;</a>&nbsp;&nbsp;&nbsp;aci_event_fifo_push
</UL>
<BR>[Called By]<UL><LI><a href="#[1ac]">&gt;&gt;</a>&nbsp;&nbsp;&nbsp;Read_Resp
<LI><a href="#[1ad]">&gt;&gt;</a>&nbsp;&nbsp;&nbsp;Read_Blob_Resp
</UL>

<P><STRONG><a name="[2f5]"></a>aci_gatt_write_permit_req_event_push</STRONG> (Thumb, 104 bytes, Stack size unknown bytes, att.o(i.aci_gatt_write_permit_req_event_push))
<BR><BR>[Stack]<UL><LI>Max Depth = 16 + Unknown Stack Size
<LI>Call Chain = aci_gatt_write_permit_req_event_push &rArr; PM_Copy_Pckt_Data &rArr; Mem_Buff_Read &rArr; Osal_MemCpy &rArr; memcpy
</UL>
<BR>[Calls]<UL><LI><a href="#[d5]">&gt;&gt;</a>&nbsp;&nbsp;&nbsp;aci_event_fifo_push_header
<LI><a href="#[d6]">&gt;&gt;</a>&nbsp;&nbsp;&nbsp;aci_event_fifo_push
<LI><a href="#[160]">&gt;&gt;</a>&nbsp;&nbsp;&nbsp;PM_Copy_Pckt_Data
</UL>
<BR>[Called By]<UL><LI><a href="#[265]">&gt;&gt;</a>&nbsp;&nbsp;&nbsp;Write_Resp
<LI><a href="#[266]">&gt;&gt;</a>&nbsp;&nbsp;&nbsp;Write_Cmd
</UL>

<P><STRONG><a name="[2a1]"></a>sma_Calculate_Hash</STRONG> (Thumb, 54 bytes, Stack size unknown bytes, smp_algo_sap.o(i.sma_Calculate_Hash))
<BR><BR>[Stack]<UL><LI>Max Depth = 16 + Unknown Stack Size
<LI>Call Chain = sma_Calculate_Hash &rArr; Osal_MemSet &rArr; memset
</UL>
<BR>[Calls]<UL><LI><a href="#[15b]">&gt;&gt;</a>&nbsp;&nbsp;&nbsp;Osal_MemSet
<LI><a href="#[c7]">&gt;&gt;</a>&nbsp;&nbsp;&nbsp;Osal_MemCpy
<LI><a href="#[285]">&gt;&gt;</a>&nbsp;&nbsp;&nbsp;hci_le_encrypt
</UL>
<BR>[Called By]<UL><LI><a href="#[282]">&gt;&gt;</a>&nbsp;&nbsp;&nbsp;SM_Resolve_Private_Address
<LI><a href="#[185]">&gt;&gt;</a>&nbsp;&nbsp;&nbsp;SM_Generate_Resolvable_Private_Address
</UL>

<P><STRONG><a name="[393]"></a>sma_generate_subkeys</STRONG> (Thumb, 126 bytes, Stack size unknown bytes, smp_algo_sap.o(i.sma_generate_subkeys))
<BR><BR>[Stack]<UL><LI>Max Depth = 16 + Unknown Stack Size
<LI>Call Chain = sma_generate_subkeys &rArr; hci_le_encrypt &rArr; LL_Encrypt_Plain_Data_ucfg &rArr; Osal_MemCpy &rArr; memcpy
</UL>
<BR>[Calls]<UL><LI><a href="#[285]">&gt;&gt;</a>&nbsp;&nbsp;&nbsp;hci_le_encrypt
<LI><a href="#[394]">&gt;&gt;</a>&nbsp;&nbsp;&nbsp;sma_left_shift
</UL>
<BR>[Called By]<UL><LI><a href="#[2a0]">&gt;&gt;</a>&nbsp;&nbsp;&nbsp;sma_CMAC_generate_tag
</UL>

<P><STRONG><a name="[394]"></a>sma_left_shift</STRONG> (Thumb, 44 bytes, Stack size unknown bytes, smp_algo_sap.o(i.sma_left_shift))
<BR><BR>[Called By]<UL><LI><a href="#[393]">&gt;&gt;</a>&nbsp;&nbsp;&nbsp;sma_generate_subkeys
</UL>

<P><STRONG><a name="[2fd]"></a>_printf_core</STRONG> (Thumb, 1020 bytes, Stack size 104 bytes, printf8.o(i._printf_core), UNUSED)
<BR><BR>[Calls]<UL><LI><a href="#[af]">&gt;&gt;</a>&nbsp;&nbsp;&nbsp;__aeabi_uldivmod
<LI><a href="#[30b]">&gt;&gt;</a>&nbsp;&nbsp;&nbsp;_printf_pre_padding
<LI><a href="#[30c]">&gt;&gt;</a>&nbsp;&nbsp;&nbsp;_printf_post_padding
</UL>
<BR>[Called By]<UL><LI><a href="#[2fe]">&gt;&gt;</a>&nbsp;&nbsp;&nbsp;__0sprintf$8
<LI><a href="#[2fc]">&gt;&gt;</a>&nbsp;&nbsp;&nbsp;__0printf$8
</UL>

<P><STRONG><a name="[30c]"></a>_printf_post_padding</STRONG> (Thumb, 32 bytes, Stack size 24 bytes, printf8.o(i._printf_post_padding), UNUSED)
<BR><BR>[Called By]<UL><LI><a href="#[2fd]">&gt;&gt;</a>&nbsp;&nbsp;&nbsp;_printf_core
</UL>

<P><STRONG><a name="[30b]"></a>_printf_pre_padding</STRONG> (Thumb, 44 bytes, Stack size 40 bytes, printf8.o(i._printf_pre_padding), UNUSED)
<BR><BR>[Called By]<UL><LI><a href="#[2fd]">&gt;&gt;</a>&nbsp;&nbsp;&nbsp;_printf_core
</UL>

<P><STRONG><a name="[1d]"></a>_sputc</STRONG> (Thumb, 10 bytes, Stack size 0 bytes, printf8.o(i._sputc))
<BR><BR>[Called By]<UL><LI><a href="#[2fe]">&gt;&gt;</a>&nbsp;&nbsp;&nbsp;__0sprintf$8
</UL>
<BR>[Address Reference Count : 1]<UL><LI> printf8.o(i.__0sprintf$8)
</UL><P>
<H3>
Undefined Global Symbols
</H3>
<P><STRONG><a name="[69]"></a>__arm_fini_</STRONG> (Unknown, 0 bytes, Stack size 0 bytes, UNDEFINED)
<BR><BR>[Called By]<UL><LI><a href="#[68]">&gt;&gt;</a>&nbsp;&nbsp;&nbsp;__rt_lib_shutdown_fini
</UL>
<HR></body></html>
